Archive member included to satisfy reference by file (symbol)

c:/program files (x86)/atollic/truestudio for stm32 9.3.0/armtools/bin/../lib/gcc/arm-atollic-eabi/6.3.1/../../../../arm-atollic-eabi/lib/armv7-m\libc_nano.a(lib_a-errno.o)
                              Src\syscalls.o (__errno)
c:/program files (x86)/atollic/truestudio for stm32 9.3.0/armtools/bin/../lib/gcc/arm-atollic-eabi/6.3.1/../../../../arm-atollic-eabi/lib/armv7-m\libc_nano.a(lib_a-impure.o)
                              c:/program files (x86)/atollic/truestudio for stm32 9.3.0/armtools/bin/../lib/gcc/arm-atollic-eabi/6.3.1/../../../../arm-atollic-eabi/lib/armv7-m\libc_nano.a(lib_a-errno.o) (_impure_ptr)
c:/program files (x86)/atollic/truestudio for stm32 9.3.0/armtools/bin/../lib/gcc/arm-atollic-eabi/6.3.1/../../../../arm-atollic-eabi/lib/armv7-m\libc_nano.a(lib_a-init.o)
                              startup\startup_stm32f103xb.o (__libc_init_array)
c:/program files (x86)/atollic/truestudio for stm32 9.3.0/armtools/bin/../lib/gcc/arm-atollic-eabi/6.3.1/../../../../arm-atollic-eabi/lib/armv7-m\libc_nano.a(lib_a-memset.o)
                              Drivers\STM32F1xx_HAL_Driver\Src\stm32f1xx_hal_rcc.o (memset)
c:/program files (x86)/atollic/truestudio for stm32 9.3.0/armtools/bin/../lib/gcc/arm-atollic-eabi/6.3.1/armv7-m\libgcc.a(_lshrdi3.o)
                              Drivers\STM32F1xx_HAL_Driver\Src\stm32f1xx_hal_flash.o (__aeabi_llsr)
c:/program files (x86)/atollic/truestudio for stm32 9.3.0/armtools/bin/../lib/gcc/arm-atollic-eabi/6.3.1/armv7-m\libgcc.a(_arm_addsubsf3.o)
                              Src\ds18b20.o (__aeabi_i2f)
c:/program files (x86)/atollic/truestudio for stm32 9.3.0/armtools/bin/../lib/gcc/arm-atollic-eabi/6.3.1/armv7-m\libgcc.a(_arm_muldivsf3.o)
                              Src\ds18b20.o (__aeabi_fmul)

Allocating common symbols
Common symbol       size              file

uwTick              0x4               Drivers\STM32F1xx_HAL_Driver\Src\stm32f1xx_hal.o
OneWireDevices      0x1               Src\ds18b20.o
temperature         0x4               Src\main.o
pFlash              0x20              Drivers\STM32F1xx_HAL_Driver\Src\stm32f1xx_hal_flash.o
message             0x40              Src\main.o
ds18b20             0x10              Src\ds18b20.o
czas                0x2               Src\main.o
htim1               0x40              Src\tim.o
OneWire             0x14              Src\ds18b20.o

Discarded input sections

 .text          0x00000000        0x0 c:/program files (x86)/atollic/truestudio for stm32 9.3.0/armtools/bin/../lib/gcc/arm-atollic-eabi/6.3.1/armv7-m/crti.o
 .data          0x00000000        0x0 c:/program files (x86)/atollic/truestudio for stm32 9.3.0/armtools/bin/../lib/gcc/arm-atollic-eabi/6.3.1/armv7-m/crti.o
 .bss           0x00000000        0x0 c:/program files (x86)/atollic/truestudio for stm32 9.3.0/armtools/bin/../lib/gcc/arm-atollic-eabi/6.3.1/armv7-m/crti.o
 .data          0x00000000        0x4 c:/program files (x86)/atollic/truestudio for stm32 9.3.0/armtools/bin/../lib/gcc/arm-atollic-eabi/6.3.1/armv7-m/crtbegin.o
 .text          0x00000000        0x0 Drivers\STM32F1xx_HAL_Driver\Src\stm32f1xx_hal.o
 .data          0x00000000        0x0 Drivers\STM32F1xx_HAL_Driver\Src\stm32f1xx_hal.o
 .bss           0x00000000        0x0 Drivers\STM32F1xx_HAL_Driver\Src\stm32f1xx_hal.o
 .text.HAL_MspInit
                0x00000000        0x2 Drivers\STM32F1xx_HAL_Driver\Src\stm32f1xx_hal.o
 .text.HAL_MspDeInit
                0x00000000        0x2 Drivers\STM32F1xx_HAL_Driver\Src\stm32f1xx_hal.o
 .text.HAL_DeInit
                0x00000000       0x20 Drivers\STM32F1xx_HAL_Driver\Src\stm32f1xx_hal.o
 .text.HAL_GetTickPrio
                0x00000000        0xc Drivers\STM32F1xx_HAL_Driver\Src\stm32f1xx_hal.o
 .text.HAL_SetTickFreq
                0x00000000       0x24 Drivers\STM32F1xx_HAL_Driver\Src\stm32f1xx_hal.o
 .text.HAL_GetTickFreq
                0x00000000        0xc Drivers\STM32F1xx_HAL_Driver\Src\stm32f1xx_hal.o
 .text.HAL_SuspendTick
                0x00000000       0x10 Drivers\STM32F1xx_HAL_Driver\Src\stm32f1xx_hal.o
 .text.HAL_ResumeTick
                0x00000000       0x10 Drivers\STM32F1xx_HAL_Driver\Src\stm32f1xx_hal.o
 .text.HAL_GetHalVersion
                0x00000000        0x8 Drivers\STM32F1xx_HAL_Driver\Src\stm32f1xx_hal.o
 .text.HAL_GetREVID
                0x00000000        0xc Drivers\STM32F1xx_HAL_Driver\Src\stm32f1xx_hal.o
 .text.HAL_GetDEVID
                0x00000000       0x10 Drivers\STM32F1xx_HAL_Driver\Src\stm32f1xx_hal.o
 .text.HAL_DBGMCU_EnableDBGSleepMode
                0x00000000       0x10 Drivers\STM32F1xx_HAL_Driver\Src\stm32f1xx_hal.o
 .text.HAL_DBGMCU_DisableDBGSleepMode
                0x00000000       0x10 Drivers\STM32F1xx_HAL_Driver\Src\stm32f1xx_hal.o
 .text.HAL_DBGMCU_EnableDBGStopMode
                0x00000000       0x10 Drivers\STM32F1xx_HAL_Driver\Src\stm32f1xx_hal.o
 .text.HAL_DBGMCU_DisableDBGStopMode
                0x00000000       0x10 Drivers\STM32F1xx_HAL_Driver\Src\stm32f1xx_hal.o
 .text.HAL_DBGMCU_EnableDBGStandbyMode
                0x00000000       0x10 Drivers\STM32F1xx_HAL_Driver\Src\stm32f1xx_hal.o
 .text.HAL_DBGMCU_DisableDBGStandbyMode
                0x00000000       0x10 Drivers\STM32F1xx_HAL_Driver\Src\stm32f1xx_hal.o
 .text.HAL_GetUID
                0x00000000       0x20 Drivers\STM32F1xx_HAL_Driver\Src\stm32f1xx_hal.o
 .text          0x00000000        0x0 Drivers\STM32F1xx_HAL_Driver\Src\stm32f1xx_hal_cortex.o
 .data          0x00000000        0x0 Drivers\STM32F1xx_HAL_Driver\Src\stm32f1xx_hal_cortex.o
 .bss           0x00000000        0x0 Drivers\STM32F1xx_HAL_Driver\Src\stm32f1xx_hal_cortex.o
 .text.HAL_NVIC_DisableIRQ
                0x00000000       0x1c Drivers\STM32F1xx_HAL_Driver\Src\stm32f1xx_hal_cortex.o
 .text.HAL_NVIC_SystemReset
                0x00000000       0x24 Drivers\STM32F1xx_HAL_Driver\Src\stm32f1xx_hal_cortex.o
 .text.HAL_NVIC_GetPriorityGrouping
                0x00000000       0x10 Drivers\STM32F1xx_HAL_Driver\Src\stm32f1xx_hal_cortex.o
 .text.HAL_NVIC_GetPriority
                0x00000000       0x5c Drivers\STM32F1xx_HAL_Driver\Src\stm32f1xx_hal_cortex.o
 .text.HAL_NVIC_SetPendingIRQ
                0x00000000       0x1c Drivers\STM32F1xx_HAL_Driver\Src\stm32f1xx_hal_cortex.o
 .text.HAL_NVIC_GetPendingIRQ
                0x00000000       0x1c Drivers\STM32F1xx_HAL_Driver\Src\stm32f1xx_hal_cortex.o
 .text.HAL_NVIC_ClearPendingIRQ
                0x00000000       0x1c Drivers\STM32F1xx_HAL_Driver\Src\stm32f1xx_hal_cortex.o
 .text.HAL_NVIC_GetActive
                0x00000000       0x1c Drivers\STM32F1xx_HAL_Driver\Src\stm32f1xx_hal_cortex.o
 .text.HAL_SYSTICK_CLKSourceConfig
                0x00000000       0x18 Drivers\STM32F1xx_HAL_Driver\Src\stm32f1xx_hal_cortex.o
 .text.HAL_SYSTICK_Callback
                0x00000000        0x2 Drivers\STM32F1xx_HAL_Driver\Src\stm32f1xx_hal_cortex.o
 .text.HAL_SYSTICK_IRQHandler
                0x00000000        0x8 Drivers\STM32F1xx_HAL_Driver\Src\stm32f1xx_hal_cortex.o
 .text          0x00000000        0x0 Drivers\STM32F1xx_HAL_Driver\Src\stm32f1xx_hal_dma.o
 .data          0x00000000        0x0 Drivers\STM32F1xx_HAL_Driver\Src\stm32f1xx_hal_dma.o
 .bss           0x00000000        0x0 Drivers\STM32F1xx_HAL_Driver\Src\stm32f1xx_hal_dma.o
 .text.HAL_DMA_Init
                0x00000000       0x60 Drivers\STM32F1xx_HAL_Driver\Src\stm32f1xx_hal_dma.o
 .text.HAL_DMA_DeInit
                0x00000000       0x54 Drivers\STM32F1xx_HAL_Driver\Src\stm32f1xx_hal_dma.o
 .text.HAL_DMA_Start
                0x00000000       0x5c Drivers\STM32F1xx_HAL_Driver\Src\stm32f1xx_hal_dma.o
 .text.HAL_DMA_Start_IT
                0x00000000       0x7a Drivers\STM32F1xx_HAL_Driver\Src\stm32f1xx_hal_dma.o
 .text.HAL_DMA_Abort
                0x00000000       0x2c Drivers\STM32F1xx_HAL_Driver\Src\stm32f1xx_hal_dma.o
 .text.HAL_DMA_Abort_IT
                0x00000000       0x90 Drivers\STM32F1xx_HAL_Driver\Src\stm32f1xx_hal_dma.o
 .text.HAL_DMA_PollForTransfer
                0x00000000      0x238 Drivers\STM32F1xx_HAL_Driver\Src\stm32f1xx_hal_dma.o
 .text.HAL_DMA_IRQHandler
                0x00000000      0x128 Drivers\STM32F1xx_HAL_Driver\Src\stm32f1xx_hal_dma.o
 .text.HAL_DMA_RegisterCallback
                0x00000000       0x46 Drivers\STM32F1xx_HAL_Driver\Src\stm32f1xx_hal_dma.o
 .text.HAL_DMA_UnRegisterCallback
                0x00000000       0x4e Drivers\STM32F1xx_HAL_Driver\Src\stm32f1xx_hal_dma.o
 .text.HAL_DMA_GetState
                0x00000000        0x6 Drivers\STM32F1xx_HAL_Driver\Src\stm32f1xx_hal_dma.o
 .text.HAL_DMA_GetError
                0x00000000        0x4 Drivers\STM32F1xx_HAL_Driver\Src\stm32f1xx_hal_dma.o
 .debug_info    0x00000000     0x1047 Drivers\STM32F1xx_HAL_Driver\Src\stm32f1xx_hal_dma.o
 .debug_abbrev  0x00000000      0x29e Drivers\STM32F1xx_HAL_Driver\Src\stm32f1xx_hal_dma.o
 .debug_loc     0x00000000      0x5d1 Drivers\STM32F1xx_HAL_Driver\Src\stm32f1xx_hal_dma.o
 .debug_aranges
                0x00000000       0x78 Drivers\STM32F1xx_HAL_Driver\Src\stm32f1xx_hal_dma.o
 .debug_ranges  0x00000000       0xa8 Drivers\STM32F1xx_HAL_Driver\Src\stm32f1xx_hal_dma.o
 .debug_line    0x00000000      0x68f Drivers\STM32F1xx_HAL_Driver\Src\stm32f1xx_hal_dma.o
 .debug_str     0x00000000      0xb1a Drivers\STM32F1xx_HAL_Driver\Src\stm32f1xx_hal_dma.o
 .comment       0x00000000       0x7d Drivers\STM32F1xx_HAL_Driver\Src\stm32f1xx_hal_dma.o
 .debug_frame   0x00000000      0x144 Drivers\STM32F1xx_HAL_Driver\Src\stm32f1xx_hal_dma.o
 .ARM.attributes
                0x00000000       0x33 Drivers\STM32F1xx_HAL_Driver\Src\stm32f1xx_hal_dma.o
 .text          0x00000000        0x0 Drivers\STM32F1xx_HAL_Driver\Src\stm32f1xx_hal_flash.o
 .data          0x00000000        0x0 Drivers\STM32F1xx_HAL_Driver\Src\stm32f1xx_hal_flash.o
 .bss           0x00000000        0x0 Drivers\STM32F1xx_HAL_Driver\Src\stm32f1xx_hal_flash.o
 .text.FLASH_SetErrorCode
                0x00000000       0x50 Drivers\STM32F1xx_HAL_Driver\Src\stm32f1xx_hal_flash.o
 .text.HAL_FLASH_Program_IT
                0x00000000       0x5c Drivers\STM32F1xx_HAL_Driver\Src\stm32f1xx_hal_flash.o
 .text.HAL_FLASH_EndOfOperationCallback
                0x00000000        0x2 Drivers\STM32F1xx_HAL_Driver\Src\stm32f1xx_hal_flash.o
 .text.HAL_FLASH_OperationErrorCallback
                0x00000000        0x2 Drivers\STM32F1xx_HAL_Driver\Src\stm32f1xx_hal_flash.o
 .text.HAL_FLASH_IRQHandler
                0x00000000      0x114 Drivers\STM32F1xx_HAL_Driver\Src\stm32f1xx_hal_flash.o
 .text.HAL_FLASH_Unlock
                0x00000000       0x24 Drivers\STM32F1xx_HAL_Driver\Src\stm32f1xx_hal_flash.o
 .text.HAL_FLASH_Lock
                0x00000000       0x14 Drivers\STM32F1xx_HAL_Driver\Src\stm32f1xx_hal_flash.o
 .text.HAL_FLASH_OB_Unlock
                0x00000000       0x24 Drivers\STM32F1xx_HAL_Driver\Src\stm32f1xx_hal_flash.o
 .text.HAL_FLASH_OB_Lock
                0x00000000       0x14 Drivers\STM32F1xx_HAL_Driver\Src\stm32f1xx_hal_flash.o
 .text.HAL_FLASH_OB_Launch
                0x00000000        0x4 Drivers\STM32F1xx_HAL_Driver\Src\stm32f1xx_hal_flash.o
 .text.HAL_FLASH_GetError
                0x00000000        0xc Drivers\STM32F1xx_HAL_Driver\Src\stm32f1xx_hal_flash.o
 .text.FLASH_WaitForLastOperation
                0x00000000       0x54 Drivers\STM32F1xx_HAL_Driver\Src\stm32f1xx_hal_flash.o
 .text.HAL_FLASH_Program
                0x00000000       0x8c Drivers\STM32F1xx_HAL_Driver\Src\stm32f1xx_hal_flash.o
 .debug_info    0x00000000      0xeeb Drivers\STM32F1xx_HAL_Driver\Src\stm32f1xx_hal_flash.o
 .debug_abbrev  0x00000000      0x373 Drivers\STM32F1xx_HAL_Driver\Src\stm32f1xx_hal_flash.o
 .debug_loc     0x00000000      0x334 Drivers\STM32F1xx_HAL_Driver\Src\stm32f1xx_hal_flash.o
 .debug_aranges
                0x00000000       0x78 Drivers\STM32F1xx_HAL_Driver\Src\stm32f1xx_hal_flash.o
 .debug_ranges  0x00000000       0xb8 Drivers\STM32F1xx_HAL_Driver\Src\stm32f1xx_hal_flash.o
 .debug_line    0x00000000      0x51e Drivers\STM32F1xx_HAL_Driver\Src\stm32f1xx_hal_flash.o
 .debug_str     0x00000000      0xa3a Drivers\STM32F1xx_HAL_Driver\Src\stm32f1xx_hal_flash.o
 .comment       0x00000000       0x7d Drivers\STM32F1xx_HAL_Driver\Src\stm32f1xx_hal_flash.o
 .debug_frame   0x00000000      0x120 Drivers\STM32F1xx_HAL_Driver\Src\stm32f1xx_hal_flash.o
 .ARM.attributes
                0x00000000       0x33 Drivers\STM32F1xx_HAL_Driver\Src\stm32f1xx_hal_flash.o
 COMMON         0x00000000       0x20 Drivers\STM32F1xx_HAL_Driver\Src\stm32f1xx_hal_flash.o
 .text          0x00000000        0x0 Drivers\STM32F1xx_HAL_Driver\Src\stm32f1xx_hal_flash_ex.o
 .data          0x00000000        0x0 Drivers\STM32F1xx_HAL_Driver\Src\stm32f1xx_hal_flash_ex.o
 .bss           0x00000000        0x0 Drivers\STM32F1xx_HAL_Driver\Src\stm32f1xx_hal_flash_ex.o
 .text.FLASH_MassErase.isra.0
                0x00000000       0x24 Drivers\STM32F1xx_HAL_Driver\Src\stm32f1xx_hal_flash_ex.o
 .text.FLASH_OB_RDP_LevelConfig
                0x00000000       0x64 Drivers\STM32F1xx_HAL_Driver\Src\stm32f1xx_hal_flash_ex.o
 .text.HAL_FLASHEx_OBErase
                0x00000000       0x54 Drivers\STM32F1xx_HAL_Driver\Src\stm32f1xx_hal_flash_ex.o
 .text.HAL_FLASHEx_OBProgram
                0x00000000      0x1fc Drivers\STM32F1xx_HAL_Driver\Src\stm32f1xx_hal_flash_ex.o
 .text.HAL_FLASHEx_OBGetConfig
                0x00000000       0x28 Drivers\STM32F1xx_HAL_Driver\Src\stm32f1xx_hal_flash_ex.o
 .text.HAL_FLASHEx_OBGetUserData
                0x00000000       0x1c Drivers\STM32F1xx_HAL_Driver\Src\stm32f1xx_hal_flash_ex.o
 .text.FLASH_PageErase
                0x00000000       0x24 Drivers\STM32F1xx_HAL_Driver\Src\stm32f1xx_hal_flash_ex.o
 .text.HAL_FLASHEx_Erase
                0x00000000       0x9c Drivers\STM32F1xx_HAL_Driver\Src\stm32f1xx_hal_flash_ex.o
 .text.HAL_FLASHEx_Erase_IT
                0x00000000       0x50 Drivers\STM32F1xx_HAL_Driver\Src\stm32f1xx_hal_flash_ex.o
 .debug_info    0x00000000     0x13ac Drivers\STM32F1xx_HAL_Driver\Src\stm32f1xx_hal_flash_ex.o
 .debug_abbrev  0x00000000      0x35a Drivers\STM32F1xx_HAL_Driver\Src\stm32f1xx_hal_flash_ex.o
 .debug_loc     0x00000000      0x6d0 Drivers\STM32F1xx_HAL_Driver\Src\stm32f1xx_hal_flash_ex.o
 .debug_aranges
                0x00000000       0x60 Drivers\STM32F1xx_HAL_Driver\Src\stm32f1xx_hal_flash_ex.o
 .debug_ranges  0x00000000       0xe0 Drivers\STM32F1xx_HAL_Driver\Src\stm32f1xx_hal_flash_ex.o
 .debug_line    0x00000000      0x551 Drivers\STM32F1xx_HAL_Driver\Src\stm32f1xx_hal_flash_ex.o
 .debug_str     0x00000000      0xb50 Drivers\STM32F1xx_HAL_Driver\Src\stm32f1xx_hal_flash_ex.o
 .comment       0x00000000       0x7d Drivers\STM32F1xx_HAL_Driver\Src\stm32f1xx_hal_flash_ex.o
 .debug_frame   0x00000000       0xf0 Drivers\STM32F1xx_HAL_Driver\Src\stm32f1xx_hal_flash_ex.o
 .ARM.attributes
                0x00000000       0x33 Drivers\STM32F1xx_HAL_Driver\Src\stm32f1xx_hal_flash_ex.o
 .text          0x00000000        0x0 Drivers\STM32F1xx_HAL_Driver\Src\stm32f1xx_hal_gpio.o
 .data          0x00000000        0x0 Drivers\STM32F1xx_HAL_Driver\Src\stm32f1xx_hal_gpio.o
 .bss           0x00000000        0x0 Drivers\STM32F1xx_HAL_Driver\Src\stm32f1xx_hal_gpio.o
 .text.HAL_GPIO_DeInit
                0x00000000       0xe0 Drivers\STM32F1xx_HAL_Driver\Src\stm32f1xx_hal_gpio.o
 .text.HAL_GPIO_TogglePin
                0x00000000        0x8 Drivers\STM32F1xx_HAL_Driver\Src\stm32f1xx_hal_gpio.o
 .text.HAL_GPIO_LockPin
                0x00000000       0x2a Drivers\STM32F1xx_HAL_Driver\Src\stm32f1xx_hal_gpio.o
 .text.HAL_GPIO_EXTI_Callback
                0x00000000        0x2 Drivers\STM32F1xx_HAL_Driver\Src\stm32f1xx_hal_gpio.o
 .text.HAL_GPIO_EXTI_IRQHandler
                0x00000000       0x18 Drivers\STM32F1xx_HAL_Driver\Src\stm32f1xx_hal_gpio.o
 .text          0x00000000        0x0 Drivers\STM32F1xx_HAL_Driver\Src\stm32f1xx_hal_gpio_ex.o
 .data          0x00000000        0x0 Drivers\STM32F1xx_HAL_Driver\Src\stm32f1xx_hal_gpio_ex.o
 .bss           0x00000000        0x0 Drivers\STM32F1xx_HAL_Driver\Src\stm32f1xx_hal_gpio_ex.o
 .text.HAL_GPIOEx_ConfigEventout
                0x00000000       0x14 Drivers\STM32F1xx_HAL_Driver\Src\stm32f1xx_hal_gpio_ex.o
 .text.HAL_GPIOEx_EnableEventout
                0x00000000       0x10 Drivers\STM32F1xx_HAL_Driver\Src\stm32f1xx_hal_gpio_ex.o
 .text.HAL_GPIOEx_DisableEventout
                0x00000000       0x10 Drivers\STM32F1xx_HAL_Driver\Src\stm32f1xx_hal_gpio_ex.o
 .debug_info    0x00000000      0xa36 Drivers\STM32F1xx_HAL_Driver\Src\stm32f1xx_hal_gpio_ex.o
 .debug_abbrev  0x00000000      0x1d3 Drivers\STM32F1xx_HAL_Driver\Src\stm32f1xx_hal_gpio_ex.o
 .debug_loc     0x00000000       0x21 Drivers\STM32F1xx_HAL_Driver\Src\stm32f1xx_hal_gpio_ex.o
 .debug_aranges
                0x00000000       0x30 Drivers\STM32F1xx_HAL_Driver\Src\stm32f1xx_hal_gpio_ex.o
 .debug_ranges  0x00000000       0x20 Drivers\STM32F1xx_HAL_Driver\Src\stm32f1xx_hal_gpio_ex.o
 .debug_line    0x00000000      0x2bd Drivers\STM32F1xx_HAL_Driver\Src\stm32f1xx_hal_gpio_ex.o
 .debug_str     0x00000000      0x774 Drivers\STM32F1xx_HAL_Driver\Src\stm32f1xx_hal_gpio_ex.o
 .comment       0x00000000       0x7d Drivers\STM32F1xx_HAL_Driver\Src\stm32f1xx_hal_gpio_ex.o
 .debug_frame   0x00000000       0x40 Drivers\STM32F1xx_HAL_Driver\Src\stm32f1xx_hal_gpio_ex.o
 .ARM.attributes
                0x00000000       0x33 Drivers\STM32F1xx_HAL_Driver\Src\stm32f1xx_hal_gpio_ex.o
 .text          0x00000000        0x0 Drivers\STM32F1xx_HAL_Driver\Src\stm32f1xx_hal_pwr.o
 .data          0x00000000        0x0 Drivers\STM32F1xx_HAL_Driver\Src\stm32f1xx_hal_pwr.o
 .bss           0x00000000        0x0 Drivers\STM32F1xx_HAL_Driver\Src\stm32f1xx_hal_pwr.o
 .text.PWR_OverloadWfe
                0x00000000        0x6 Drivers\STM32F1xx_HAL_Driver\Src\stm32f1xx_hal_pwr.o
 .text.HAL_PWR_DeInit
                0x00000000       0x18 Drivers\STM32F1xx_HAL_Driver\Src\stm32f1xx_hal_pwr.o
 .text.HAL_PWR_EnableBkUpAccess
                0x00000000        0xc Drivers\STM32F1xx_HAL_Driver\Src\stm32f1xx_hal_pwr.o
 .text.HAL_PWR_DisableBkUpAccess
                0x00000000        0xc Drivers\STM32F1xx_HAL_Driver\Src\stm32f1xx_hal_pwr.o
 .text.HAL_PWR_ConfigPVD
                0x00000000       0x6c Drivers\STM32F1xx_HAL_Driver\Src\stm32f1xx_hal_pwr.o
 .text.HAL_PWR_EnablePVD
                0x00000000        0xc Drivers\STM32F1xx_HAL_Driver\Src\stm32f1xx_hal_pwr.o
 .text.HAL_PWR_DisablePVD
                0x00000000        0xc Drivers\STM32F1xx_HAL_Driver\Src\stm32f1xx_hal_pwr.o
 .text.HAL_PWR_EnableWakeUpPin
                0x00000000       0x18 Drivers\STM32F1xx_HAL_Driver\Src\stm32f1xx_hal_pwr.o
 .text.HAL_PWR_DisableWakeUpPin
                0x00000000       0x18 Drivers\STM32F1xx_HAL_Driver\Src\stm32f1xx_hal_pwr.o
 .text.HAL_PWR_EnterSLEEPMode
                0x00000000       0x20 Drivers\STM32F1xx_HAL_Driver\Src\stm32f1xx_hal_pwr.o
 .text.HAL_PWR_EnterSTOPMode
                0x00000000       0x48 Drivers\STM32F1xx_HAL_Driver\Src\stm32f1xx_hal_pwr.o
 .text.HAL_PWR_EnterSTANDBYMode
                0x00000000       0x20 Drivers\STM32F1xx_HAL_Driver\Src\stm32f1xx_hal_pwr.o
 .text.HAL_PWR_EnableSleepOnExit
                0x00000000       0x10 Drivers\STM32F1xx_HAL_Driver\Src\stm32f1xx_hal_pwr.o
 .text.HAL_PWR_DisableSleepOnExit
                0x00000000       0x10 Drivers\STM32F1xx_HAL_Driver\Src\stm32f1xx_hal_pwr.o
 .text.HAL_PWR_EnableSEVOnPend
                0x00000000       0x10 Drivers\STM32F1xx_HAL_Driver\Src\stm32f1xx_hal_pwr.o
 .text.HAL_PWR_DisableSEVOnPend
                0x00000000       0x10 Drivers\STM32F1xx_HAL_Driver\Src\stm32f1xx_hal_pwr.o
 .text.HAL_PWR_PVDCallback
                0x00000000        0x2 Drivers\STM32F1xx_HAL_Driver\Src\stm32f1xx_hal_pwr.o
 .text.HAL_PWR_PVD_IRQHandler
                0x00000000       0x1c Drivers\STM32F1xx_HAL_Driver\Src\stm32f1xx_hal_pwr.o
 .debug_info    0x00000000      0xf9a Drivers\STM32F1xx_HAL_Driver\Src\stm32f1xx_hal_pwr.o
 .debug_abbrev  0x00000000      0x28a Drivers\STM32F1xx_HAL_Driver\Src\stm32f1xx_hal_pwr.o
 .debug_loc     0x00000000       0xaa Drivers\STM32F1xx_HAL_Driver\Src\stm32f1xx_hal_pwr.o
 .debug_aranges
                0x00000000       0xa8 Drivers\STM32F1xx_HAL_Driver\Src\stm32f1xx_hal_pwr.o
 .debug_ranges  0x00000000       0x98 Drivers\STM32F1xx_HAL_Driver\Src\stm32f1xx_hal_pwr.o
 .debug_line    0x00000000      0x452 Drivers\STM32F1xx_HAL_Driver\Src\stm32f1xx_hal_pwr.o
 .debug_str     0x00000000      0x9b8 Drivers\STM32F1xx_HAL_Driver\Src\stm32f1xx_hal_pwr.o
 .comment       0x00000000       0x7d Drivers\STM32F1xx_HAL_Driver\Src\stm32f1xx_hal_pwr.o
 .debug_frame   0x00000000      0x140 Drivers\STM32F1xx_HAL_Driver\Src\stm32f1xx_hal_pwr.o
 .ARM.attributes
                0x00000000       0x33 Drivers\STM32F1xx_HAL_Driver\Src\stm32f1xx_hal_pwr.o
 .text          0x00000000        0x0 Drivers\STM32F1xx_HAL_Driver\Src\stm32f1xx_hal_rcc.o
 .data          0x00000000        0x0 Drivers\STM32F1xx_HAL_Driver\Src\stm32f1xx_hal_rcc.o
 .bss           0x00000000        0x0 Drivers\STM32F1xx_HAL_Driver\Src\stm32f1xx_hal_rcc.o
 .text.HAL_RCC_DeInit
                0x00000000       0xd0 Drivers\STM32F1xx_HAL_Driver\Src\stm32f1xx_hal_rcc.o
 .text.HAL_RCC_MCOConfig
                0x00000000       0x50 Drivers\STM32F1xx_HAL_Driver\Src\stm32f1xx_hal_rcc.o
 .text.HAL_RCC_EnableCSS
                0x00000000        0xc Drivers\STM32F1xx_HAL_Driver\Src\stm32f1xx_hal_rcc.o
 .text.HAL_RCC_DisableCSS
                0x00000000        0xc Drivers\STM32F1xx_HAL_Driver\Src\stm32f1xx_hal_rcc.o
 .text.HAL_RCC_GetHCLKFreq
                0x00000000        0xc Drivers\STM32F1xx_HAL_Driver\Src\stm32f1xx_hal_rcc.o
 .text.HAL_RCC_GetPCLK1Freq
                0x00000000       0x20 Drivers\STM32F1xx_HAL_Driver\Src\stm32f1xx_hal_rcc.o
 .text.HAL_RCC_GetPCLK2Freq
                0x00000000       0x20 Drivers\STM32F1xx_HAL_Driver\Src\stm32f1xx_hal_rcc.o
 .text.HAL_RCC_GetOscConfig
                0x00000000       0x80 Drivers\STM32F1xx_HAL_Driver\Src\stm32f1xx_hal_rcc.o
 .text.HAL_RCC_GetClockConfig
                0x00000000       0x3c Drivers\STM32F1xx_HAL_Driver\Src\stm32f1xx_hal_rcc.o
 .text.HAL_RCC_CSSCallback
                0x00000000        0x2 Drivers\STM32F1xx_HAL_Driver\Src\stm32f1xx_hal_rcc.o
 .text.HAL_RCC_NMI_IRQHandler
                0x00000000       0x20 Drivers\STM32F1xx_HAL_Driver\Src\stm32f1xx_hal_rcc.o
 .text          0x00000000        0x0 Drivers\STM32F1xx_HAL_Driver\Src\stm32f1xx_hal_rcc_ex.o
 .data          0x00000000        0x0 Drivers\STM32F1xx_HAL_Driver\Src\stm32f1xx_hal_rcc_ex.o
 .bss           0x00000000        0x0 Drivers\STM32F1xx_HAL_Driver\Src\stm32f1xx_hal_rcc_ex.o
 .text.HAL_RCCEx_PeriphCLKConfig
                0x00000000       0xf0 Drivers\STM32F1xx_HAL_Driver\Src\stm32f1xx_hal_rcc_ex.o
 .text.HAL_RCCEx_GetPeriphCLKConfig
                0x00000000       0x24 Drivers\STM32F1xx_HAL_Driver\Src\stm32f1xx_hal_rcc_ex.o
 .text.HAL_RCCEx_GetPeriphCLKFreq
                0x00000000       0xec Drivers\STM32F1xx_HAL_Driver\Src\stm32f1xx_hal_rcc_ex.o
 .rodata        0x00000000       0x10 Drivers\STM32F1xx_HAL_Driver\Src\stm32f1xx_hal_rcc_ex.o
 .debug_info    0x00000000      0xc9d Drivers\STM32F1xx_HAL_Driver\Src\stm32f1xx_hal_rcc_ex.o
 .debug_abbrev  0x00000000      0x277 Drivers\STM32F1xx_HAL_Driver\Src\stm32f1xx_hal_rcc_ex.o
 .debug_loc     0x00000000      0x29d Drivers\STM32F1xx_HAL_Driver\Src\stm32f1xx_hal_rcc_ex.o
 .debug_aranges
                0x00000000       0x30 Drivers\STM32F1xx_HAL_Driver\Src\stm32f1xx_hal_rcc_ex.o
 .debug_ranges  0x00000000       0x40 Drivers\STM32F1xx_HAL_Driver\Src\stm32f1xx_hal_rcc_ex.o
 .debug_line    0x00000000      0x3cc Drivers\STM32F1xx_HAL_Driver\Src\stm32f1xx_hal_rcc_ex.o
 .debug_str     0x00000000      0x8de Drivers\STM32F1xx_HAL_Driver\Src\stm32f1xx_hal_rcc_ex.o
 .comment       0x00000000       0x7d Drivers\STM32F1xx_HAL_Driver\Src\stm32f1xx_hal_rcc_ex.o
 .debug_frame   0x00000000       0x6c Drivers\STM32F1xx_HAL_Driver\Src\stm32f1xx_hal_rcc_ex.o
 .ARM.attributes
                0x00000000       0x33 Drivers\STM32F1xx_HAL_Driver\Src\stm32f1xx_hal_rcc_ex.o
 .text          0x00000000        0x0 Drivers\STM32F1xx_HAL_Driver\Src\stm32f1xx_hal_tim.o
 .data          0x00000000        0x0 Drivers\STM32F1xx_HAL_Driver\Src\stm32f1xx_hal_tim.o
 .bss           0x00000000        0x0 Drivers\STM32F1xx_HAL_Driver\Src\stm32f1xx_hal_tim.o
 .text.TIM_OC1_SetConfig
                0x00000000       0x50 Drivers\STM32F1xx_HAL_Driver\Src\stm32f1xx_hal_tim.o
 .text.TIM_OC3_SetConfig
                0x00000000       0x54 Drivers\STM32F1xx_HAL_Driver\Src\stm32f1xx_hal_tim.o
 .text.TIM_OC4_SetConfig
                0x00000000       0x44 Drivers\STM32F1xx_HAL_Driver\Src\stm32f1xx_hal_tim.o
 .text.TIM_SlaveTimer_SetConfig
                0x00000000       0xaa Drivers\STM32F1xx_HAL_Driver\Src\stm32f1xx_hal_tim.o
 .text.HAL_TIM_Base_MspInit
                0x00000000        0x2 Drivers\STM32F1xx_HAL_Driver\Src\stm32f1xx_hal_tim.o
 .text.HAL_TIM_Base_MspDeInit
                0x00000000        0x2 Drivers\STM32F1xx_HAL_Driver\Src\stm32f1xx_hal_tim.o
 .text.HAL_TIM_Base_DeInit
                0x00000000       0x3a Drivers\STM32F1xx_HAL_Driver\Src\stm32f1xx_hal_tim.o
 .text.HAL_TIM_Base_Start
                0x00000000       0x1a Drivers\STM32F1xx_HAL_Driver\Src\stm32f1xx_hal_tim.o
 .text.HAL_TIM_Base_Stop
                0x00000000       0x2e Drivers\STM32F1xx_HAL_Driver\Src\stm32f1xx_hal_tim.o
 .text.HAL_TIM_Base_Stop_IT
                0x00000000       0x2a Drivers\STM32F1xx_HAL_Driver\Src\stm32f1xx_hal_tim.o
 .text.HAL_TIM_Base_Start_DMA
                0x00000000       0x54 Drivers\STM32F1xx_HAL_Driver\Src\stm32f1xx_hal_tim.o
 .text.HAL_TIM_Base_Stop_DMA
                0x00000000       0x30 Drivers\STM32F1xx_HAL_Driver\Src\stm32f1xx_hal_tim.o
 .text.HAL_TIM_OC_MspInit
                0x00000000        0x2 Drivers\STM32F1xx_HAL_Driver\Src\stm32f1xx_hal_tim.o
 .text.HAL_TIM_OC_MspDeInit
                0x00000000        0x2 Drivers\STM32F1xx_HAL_Driver\Src\stm32f1xx_hal_tim.o
 .text.HAL_TIM_OC_DeInit
                0x00000000       0x3a Drivers\STM32F1xx_HAL_Driver\Src\stm32f1xx_hal_tim.o
 .text.HAL_TIM_PWM_MspInit
                0x00000000        0x2 Drivers\STM32F1xx_HAL_Driver\Src\stm32f1xx_hal_tim.o
 .text.HAL_TIM_PWM_MspDeInit
                0x00000000        0x2 Drivers\STM32F1xx_HAL_Driver\Src\stm32f1xx_hal_tim.o
 .text.HAL_TIM_PWM_DeInit
                0x00000000       0x3a Drivers\STM32F1xx_HAL_Driver\Src\stm32f1xx_hal_tim.o
 .text.HAL_TIM_IC_MspInit
                0x00000000        0x2 Drivers\STM32F1xx_HAL_Driver\Src\stm32f1xx_hal_tim.o
 .text.HAL_TIM_IC_MspDeInit
                0x00000000        0x2 Drivers\STM32F1xx_HAL_Driver\Src\stm32f1xx_hal_tim.o
 .text.HAL_TIM_IC_DeInit
                0x00000000       0x3a Drivers\STM32F1xx_HAL_Driver\Src\stm32f1xx_hal_tim.o
 .text.HAL_TIM_OnePulse_MspInit
                0x00000000        0x2 Drivers\STM32F1xx_HAL_Driver\Src\stm32f1xx_hal_tim.o
 .text.HAL_TIM_OnePulse_MspDeInit
                0x00000000        0x2 Drivers\STM32F1xx_HAL_Driver\Src\stm32f1xx_hal_tim.o
 .text.HAL_TIM_OnePulse_DeInit
                0x00000000       0x3a Drivers\STM32F1xx_HAL_Driver\Src\stm32f1xx_hal_tim.o
 .text.HAL_TIM_OnePulse_Start
                0x00000000       0x38 Drivers\STM32F1xx_HAL_Driver\Src\stm32f1xx_hal_tim.o
 .text.HAL_TIM_OnePulse_Stop
                0x00000000       0x60 Drivers\STM32F1xx_HAL_Driver\Src\stm32f1xx_hal_tim.o
 .text.HAL_TIM_OnePulse_Start_IT
                0x00000000       0x48 Drivers\STM32F1xx_HAL_Driver\Src\stm32f1xx_hal_tim.o
 .text.HAL_TIM_OnePulse_Stop_IT
                0x00000000       0x70 Drivers\STM32F1xx_HAL_Driver\Src\stm32f1xx_hal_tim.o
 .text.HAL_TIM_Encoder_MspInit
                0x00000000        0x2 Drivers\STM32F1xx_HAL_Driver\Src\stm32f1xx_hal_tim.o
 .text.HAL_TIM_Encoder_MspDeInit
                0x00000000        0x2 Drivers\STM32F1xx_HAL_Driver\Src\stm32f1xx_hal_tim.o
 .text.HAL_TIM_Encoder_DeInit
                0x00000000       0x3a Drivers\STM32F1xx_HAL_Driver\Src\stm32f1xx_hal_tim.o
 .text.HAL_TIM_Encoder_Start
                0x00000000       0x44 Drivers\STM32F1xx_HAL_Driver\Src\stm32f1xx_hal_tim.o
 .text.HAL_TIM_Encoder_Stop
                0x00000000       0x48 Drivers\STM32F1xx_HAL_Driver\Src\stm32f1xx_hal_tim.o
 .text.HAL_TIM_Encoder_Start_IT
                0x00000000       0x6e Drivers\STM32F1xx_HAL_Driver\Src\stm32f1xx_hal_tim.o
 .text.HAL_TIM_Encoder_Stop_IT
                0x00000000       0x74 Drivers\STM32F1xx_HAL_Driver\Src\stm32f1xx_hal_tim.o
 .text.HAL_TIM_Encoder_Start_DMA
                0x00000000      0x124 Drivers\STM32F1xx_HAL_Driver\Src\stm32f1xx_hal_tim.o
 .text.HAL_TIM_Encoder_Stop_DMA
                0x00000000       0x74 Drivers\STM32F1xx_HAL_Driver\Src\stm32f1xx_hal_tim.o
 .text.HAL_TIM_DMABurst_WriteStart
                0x00000000       0xb4 Drivers\STM32F1xx_HAL_Driver\Src\stm32f1xx_hal_tim.o
 .text.HAL_TIM_DMABurst_ReadStart
                0x00000000       0xb4 Drivers\STM32F1xx_HAL_Driver\Src\stm32f1xx_hal_tim.o
 .text.HAL_TIM_DMABurst_ReadStop
                0x00000000       0x5e Drivers\STM32F1xx_HAL_Driver\Src\stm32f1xx_hal_tim.o
 .text.HAL_TIM_DMABurst_WriteStop
                0x00000000        0x4 Drivers\STM32F1xx_HAL_Driver\Src\stm32f1xx_hal_tim.o
 .text.HAL_TIM_GenerateEvent
                0x00000000       0x24 Drivers\STM32F1xx_HAL_Driver\Src\stm32f1xx_hal_tim.o
 .text.HAL_TIM_ConfigOCrefClear
                0x00000000       0xc0 Drivers\STM32F1xx_HAL_Driver\Src\stm32f1xx_hal_tim.o
 .text.HAL_TIM_ConfigTI1Input
                0x00000000       0x10 Drivers\STM32F1xx_HAL_Driver\Src\stm32f1xx_hal_tim.o
 .text.HAL_TIM_SlaveConfigSynchronization
                0x00000000       0x40 Drivers\STM32F1xx_HAL_Driver\Src\stm32f1xx_hal_tim.o
 .text.HAL_TIM_SlaveConfigSynchronization_IT
                0x00000000       0x40 Drivers\STM32F1xx_HAL_Driver\Src\stm32f1xx_hal_tim.o
 .text.HAL_TIM_ReadCapturedValue
                0x00000000       0x46 Drivers\STM32F1xx_HAL_Driver\Src\stm32f1xx_hal_tim.o
 .text.HAL_TIM_PeriodElapsedCallback
                0x00000000        0x2 Drivers\STM32F1xx_HAL_Driver\Src\stm32f1xx_hal_tim.o
 .text.TIM_DMAPeriodElapsedCplt
                0x00000000       0x10 Drivers\STM32F1xx_HAL_Driver\Src\stm32f1xx_hal_tim.o
 .text.TIM_DMACaptureCplt
                0x00000000       0x3c Drivers\STM32F1xx_HAL_Driver\Src\stm32f1xx_hal_tim.o
 .text.TIM_DMADelayPulseCplt
                0x00000000       0x3c Drivers\STM32F1xx_HAL_Driver\Src\stm32f1xx_hal_tim.o
 .text.TIM_DMATriggerCplt
                0x00000000       0x10 Drivers\STM32F1xx_HAL_Driver\Src\stm32f1xx_hal_tim.o
 .text.HAL_TIM_ErrorCallback
                0x00000000        0x2 Drivers\STM32F1xx_HAL_Driver\Src\stm32f1xx_hal_tim.o
 .text.TIM_DMAError
                0x00000000       0x10 Drivers\STM32F1xx_HAL_Driver\Src\stm32f1xx_hal_tim.o
 .text.HAL_TIM_Base_GetState
                0x00000000        0x6 Drivers\STM32F1xx_HAL_Driver\Src\stm32f1xx_hal_tim.o
 .text.HAL_TIM_OC_GetState
                0x00000000        0x6 Drivers\STM32F1xx_HAL_Driver\Src\stm32f1xx_hal_tim.o
 .text.HAL_TIM_PWM_GetState
                0x00000000        0x6 Drivers\STM32F1xx_HAL_Driver\Src\stm32f1xx_hal_tim.o
 .text.HAL_TIM_IC_GetState
                0x00000000        0x6 Drivers\STM32F1xx_HAL_Driver\Src\stm32f1xx_hal_tim.o
 .text.HAL_TIM_OnePulse_GetState
                0x00000000        0x6 Drivers\STM32F1xx_HAL_Driver\Src\stm32f1xx_hal_tim.o
 .text.HAL_TIM_Encoder_GetState
                0x00000000        0x6 Drivers\STM32F1xx_HAL_Driver\Src\stm32f1xx_hal_tim.o
 .text.HAL_TIM_OC_Init
                0x00000000       0x34 Drivers\STM32F1xx_HAL_Driver\Src\stm32f1xx_hal_tim.o
 .text.HAL_TIM_PWM_Init
                0x00000000       0x34 Drivers\STM32F1xx_HAL_Driver\Src\stm32f1xx_hal_tim.o
 .text.HAL_TIM_IC_Init
                0x00000000       0x34 Drivers\STM32F1xx_HAL_Driver\Src\stm32f1xx_hal_tim.o
 .text.HAL_TIM_OnePulse_Init
                0x00000000       0x46 Drivers\STM32F1xx_HAL_Driver\Src\stm32f1xx_hal_tim.o
 .text.HAL_TIM_Encoder_Init
                0x00000000       0x92 Drivers\STM32F1xx_HAL_Driver\Src\stm32f1xx_hal_tim.o
 .text.TIM_OC2_SetConfig
                0x00000000       0x58 Drivers\STM32F1xx_HAL_Driver\Src\stm32f1xx_hal_tim.o
 .text.HAL_TIM_OC_ConfigChannel
                0x00000000       0x5c Drivers\STM32F1xx_HAL_Driver\Src\stm32f1xx_hal_tim.o
 .text.HAL_TIM_PWM_ConfigChannel
                0x00000000       0xc4 Drivers\STM32F1xx_HAL_Driver\Src\stm32f1xx_hal_tim.o
 .text.TIM_TI1_SetConfig
                0x00000000       0x54 Drivers\STM32F1xx_HAL_Driver\Src\stm32f1xx_hal_tim.o
 .text.HAL_TIM_IC_ConfigChannel
                0x00000000      0x110 Drivers\STM32F1xx_HAL_Driver\Src\stm32f1xx_hal_tim.o
 .text.HAL_TIM_OnePulse_ConfigChannel
                0x00000000       0xf4 Drivers\STM32F1xx_HAL_Driver\Src\stm32f1xx_hal_tim.o
 .text.TIM_CCxChannelCmd
                0x00000000       0x18 Drivers\STM32F1xx_HAL_Driver\Src\stm32f1xx_hal_tim.o
 .text.HAL_TIM_OC_Stop
                0x00000000       0x54 Drivers\STM32F1xx_HAL_Driver\Src\stm32f1xx_hal_tim.o
 .text.HAL_TIM_PWM_Start
                0x00000000       0x2c Drivers\STM32F1xx_HAL_Driver\Src\stm32f1xx_hal_tim.o
 .text.HAL_TIM_OC_Start
                0x00000000        0x4 Drivers\STM32F1xx_HAL_Driver\Src\stm32f1xx_hal_tim.o
 .text.HAL_TIM_PWM_Stop
                0x00000000       0x5c Drivers\STM32F1xx_HAL_Driver\Src\stm32f1xx_hal_tim.o
 .text.HAL_TIM_PWM_Start_IT
                0x00000000       0x6c Drivers\STM32F1xx_HAL_Driver\Src\stm32f1xx_hal_tim.o
 .text.HAL_TIM_OC_Start_IT
                0x00000000        0x4 Drivers\STM32F1xx_HAL_Driver\Src\stm32f1xx_hal_tim.o
 .text.HAL_TIM_PWM_Stop_IT
                0x00000000       0x94 Drivers\STM32F1xx_HAL_Driver\Src\stm32f1xx_hal_tim.o
 .text.HAL_TIM_OC_Stop_IT
                0x00000000        0x4 Drivers\STM32F1xx_HAL_Driver\Src\stm32f1xx_hal_tim.o
 .text.HAL_TIM_PWM_Start_DMA
                0x00000000       0xe0 Drivers\STM32F1xx_HAL_Driver\Src\stm32f1xx_hal_tim.o
 .text.HAL_TIM_OC_Start_DMA
                0x00000000        0x4 Drivers\STM32F1xx_HAL_Driver\Src\stm32f1xx_hal_tim.o
 .text.HAL_TIM_PWM_Stop_DMA
                0x00000000       0x98 Drivers\STM32F1xx_HAL_Driver\Src\stm32f1xx_hal_tim.o
 .text.HAL_TIM_OC_Stop_DMA
                0x00000000        0x4 Drivers\STM32F1xx_HAL_Driver\Src\stm32f1xx_hal_tim.o
 .text.HAL_TIM_IC_Start
                0x00000000       0x1a Drivers\STM32F1xx_HAL_Driver\Src\stm32f1xx_hal_tim.o
 .text.HAL_TIM_IC_Stop
                0x00000000       0x2e Drivers\STM32F1xx_HAL_Driver\Src\stm32f1xx_hal_tim.o
 .text.HAL_TIM_IC_Start_IT
                0x00000000       0x58 Drivers\STM32F1xx_HAL_Driver\Src\stm32f1xx_hal_tim.o
 .text.HAL_TIM_IC_Stop_IT
                0x00000000       0x6c Drivers\STM32F1xx_HAL_Driver\Src\stm32f1xx_hal_tim.o
 .text.HAL_TIM_IC_Start_DMA
                0x00000000       0xcc Drivers\STM32F1xx_HAL_Driver\Src\stm32f1xx_hal_tim.o
 .text.HAL_TIM_IC_Stop_DMA
                0x00000000       0x72 Drivers\STM32F1xx_HAL_Driver\Src\stm32f1xx_hal_tim.o
 .text          0x00000000        0x0 Drivers\STM32F1xx_HAL_Driver\Src\stm32f1xx_hal_tim_ex.o
 .data          0x00000000        0x0 Drivers\STM32F1xx_HAL_Driver\Src\stm32f1xx_hal_tim_ex.o
 .bss           0x00000000        0x0 Drivers\STM32F1xx_HAL_Driver\Src\stm32f1xx_hal_tim_ex.o
 .text.TIM_CCxNChannelCmd
                0x00000000       0x18 Drivers\STM32F1xx_HAL_Driver\Src\stm32f1xx_hal_tim_ex.o
 .text.HAL_TIMEx_HallSensor_MspInit
                0x00000000        0x2 Drivers\STM32F1xx_HAL_Driver\Src\stm32f1xx_hal_tim_ex.o
 .text.HAL_TIMEx_HallSensor_Init
                0x00000000       0xae Drivers\STM32F1xx_HAL_Driver\Src\stm32f1xx_hal_tim_ex.o
 .text.HAL_TIMEx_HallSensor_MspDeInit
                0x00000000        0x2 Drivers\STM32F1xx_HAL_Driver\Src\stm32f1xx_hal_tim_ex.o
 .text.HAL_TIMEx_HallSensor_DeInit
                0x00000000       0x3a Drivers\STM32F1xx_HAL_Driver\Src\stm32f1xx_hal_tim_ex.o
 .text.HAL_TIMEx_HallSensor_Start
                0x00000000       0x1c Drivers\STM32F1xx_HAL_Driver\Src\stm32f1xx_hal_tim_ex.o
 .text.HAL_TIMEx_HallSensor_Stop
                0x00000000       0x30 Drivers\STM32F1xx_HAL_Driver\Src\stm32f1xx_hal_tim_ex.o
 .text.HAL_TIMEx_HallSensor_Start_IT
                0x00000000       0x24 Drivers\STM32F1xx_HAL_Driver\Src\stm32f1xx_hal_tim_ex.o
 .text.HAL_TIMEx_HallSensor_Stop_IT
                0x00000000       0x38 Drivers\STM32F1xx_HAL_Driver\Src\stm32f1xx_hal_tim_ex.o
 .text.HAL_TIMEx_HallSensor_Start_DMA
                0x00000000       0x64 Drivers\STM32F1xx_HAL_Driver\Src\stm32f1xx_hal_tim_ex.o
 .text.HAL_TIMEx_HallSensor_Stop_DMA
                0x00000000       0x38 Drivers\STM32F1xx_HAL_Driver\Src\stm32f1xx_hal_tim_ex.o
 .text.HAL_TIMEx_PWMN_Start
                0x00000000       0x22 Drivers\STM32F1xx_HAL_Driver\Src\stm32f1xx_hal_tim_ex.o
 .text.HAL_TIMEx_OCN_Start
                0x00000000        0x4 Drivers\STM32F1xx_HAL_Driver\Src\stm32f1xx_hal_tim_ex.o
 .text.HAL_TIMEx_PWMN_Start_IT
                0x00000000       0x4c Drivers\STM32F1xx_HAL_Driver\Src\stm32f1xx_hal_tim_ex.o
 .text.HAL_TIMEx_OCN_Start_IT
                0x00000000        0x4 Drivers\STM32F1xx_HAL_Driver\Src\stm32f1xx_hal_tim_ex.o
 .text.HAL_TIMEx_PWMN_Stop_IT
                0x00000000       0x84 Drivers\STM32F1xx_HAL_Driver\Src\stm32f1xx_hal_tim_ex.o
 .text.HAL_TIMEx_OCN_Stop_IT
                0x00000000        0x4 Drivers\STM32F1xx_HAL_Driver\Src\stm32f1xx_hal_tim_ex.o
 .text.HAL_TIMEx_PWMN_Start_DMA
                0x00000000       0xac Drivers\STM32F1xx_HAL_Driver\Src\stm32f1xx_hal_tim_ex.o
 .text.HAL_TIMEx_OCN_Start_DMA
                0x00000000        0x4 Drivers\STM32F1xx_HAL_Driver\Src\stm32f1xx_hal_tim_ex.o
 .text.HAL_TIMEx_PWMN_Stop_DMA
                0x00000000       0x78 Drivers\STM32F1xx_HAL_Driver\Src\stm32f1xx_hal_tim_ex.o
 .text.HAL_TIMEx_OCN_Stop_DMA
                0x00000000        0x4 Drivers\STM32F1xx_HAL_Driver\Src\stm32f1xx_hal_tim_ex.o
 .text.HAL_TIMEx_OnePulseN_Start
                0x00000000       0x1a Drivers\STM32F1xx_HAL_Driver\Src\stm32f1xx_hal_tim_ex.o
 .text.HAL_TIMEx_OnePulseN_Stop
                0x00000000       0x4a Drivers\STM32F1xx_HAL_Driver\Src\stm32f1xx_hal_tim_ex.o
 .text.HAL_TIMEx_PWMN_Stop
                0x00000000        0x4 Drivers\STM32F1xx_HAL_Driver\Src\stm32f1xx_hal_tim_ex.o
 .text.HAL_TIMEx_OCN_Stop
                0x00000000        0x4 Drivers\STM32F1xx_HAL_Driver\Src\stm32f1xx_hal_tim_ex.o
 .text.HAL_TIMEx_OnePulseN_Start_IT
                0x00000000       0x2a Drivers\STM32F1xx_HAL_Driver\Src\stm32f1xx_hal_tim_ex.o
 .text.HAL_TIMEx_OnePulseN_Stop_IT
                0x00000000       0x5a Drivers\STM32F1xx_HAL_Driver\Src\stm32f1xx_hal_tim_ex.o
 .text.HAL_TIMEx_ConfigCommutationEvent
                0x00000000       0x4a Drivers\STM32F1xx_HAL_Driver\Src\stm32f1xx_hal_tim_ex.o
 .text.HAL_TIMEx_ConfigCommutationEvent_IT
                0x00000000       0x52 Drivers\STM32F1xx_HAL_Driver\Src\stm32f1xx_hal_tim_ex.o
 .text.HAL_TIMEx_ConfigCommutationEvent_DMA
                0x00000000       0x64 Drivers\STM32F1xx_HAL_Driver\Src\stm32f1xx_hal_tim_ex.o
 .text.HAL_TIMEx_ConfigBreakDeadTime
                0x00000000       0x4c Drivers\STM32F1xx_HAL_Driver\Src\stm32f1xx_hal_tim_ex.o
 .text.TIMEx_DMACommutationCplt
                0x00000000       0x10 Drivers\STM32F1xx_HAL_Driver\Src\stm32f1xx_hal_tim_ex.o
 .text.HAL_TIMEx_HallSensor_GetState
                0x00000000        0x6 Drivers\STM32F1xx_HAL_Driver\Src\stm32f1xx_hal_tim_ex.o
 .text          0x00000000        0x0 Src\ds18b20.o
 .data          0x00000000        0x0 Src\ds18b20.o
 .bss           0x00000000        0x0 Src\ds18b20.o
 .text.DS18B20_Start
                0x00000000       0x40 Src\ds18b20.o
 .text.DS18B20_GetResolution
                0x00000000       0x64 Src\ds18b20.o
 .text.DS18B20_Is
                0x00000000        0xc Src\ds18b20.o
 .text.DS18B20_WriteROM
                0x00000000       0x28 Src\ds18b20.o
 .text          0x00000000        0x0 Src\gpio.o
 .data          0x00000000        0x0 Src\gpio.o
 .bss           0x00000000        0x0 Src\gpio.o
 .text          0x00000000        0x0 Src\main.o
 .data          0x00000000        0x0 Src\main.o
 .bss           0x00000000        0x0 Src\main.o
 .text          0x00000000        0x0 Src\onewire.o
 .data          0x00000000        0x0 Src\onewire.o
 .bss           0x00000000        0x0 Src\onewire.o
 .text.OneWire_OutputHigh
                0x00000000        0x8 Src\onewire.o
 .text.OneWire_ResetSearch
                0x00000000        0xa Src\onewire.o
 .text.OneWire_Select
                0x00000000        0x4 Src\onewire.o
 .text.OneWire_CRC8
                0x00000000       0x3a Src\onewire.o
 .text          0x00000000        0x0 Src\stm32f1xx_hal_msp.o
 .data          0x00000000        0x0 Src\stm32f1xx_hal_msp.o
 .bss           0x00000000        0x0 Src\stm32f1xx_hal_msp.o
 .text          0x00000000        0x0 Src\stm32f1xx_it.o
 .data          0x00000000        0x0 Src\stm32f1xx_it.o
 .bss           0x00000000        0x0 Src\stm32f1xx_it.o
 .text          0x00000000        0x0 Src\syscalls.o
 .data          0x00000000        0x0 Src\syscalls.o
 .bss           0x00000000        0x0 Src\syscalls.o
 .text.initialise_monitor_handles
                0x00000000        0x2 Src\syscalls.o
 .text._getpid  0x00000000        0x4 Src\syscalls.o
 .text._kill    0x00000000       0x10 Src\syscalls.o
 .text._exit    0x00000000        0xc Src\syscalls.o
 .text._read    0x00000000       0x1c Src\syscalls.o
 .text._write   0x00000000       0x1c Src\syscalls.o
 .text._sbrk    0x00000000       0x34 Src\syscalls.o
 .text._close   0x00000000        0x6 Src\syscalls.o
 .text._fstat   0x00000000        0xa Src\syscalls.o
 .text._isatty  0x00000000        0x4 Src\syscalls.o
 .text._lseek   0x00000000        0x4 Src\syscalls.o
 .text._open    0x00000000        0xa Src\syscalls.o
 .text._wait    0x00000000       0x10 Src\syscalls.o
 .text._unlink  0x00000000       0x10 Src\syscalls.o
 .text._times   0x00000000        0x6 Src\syscalls.o
 .text._stat    0x00000000        0xa Src\syscalls.o
 .text._link    0x00000000       0x10 Src\syscalls.o
 .text._fork    0x00000000       0x10 Src\syscalls.o
 .text._execve  0x00000000       0x10 Src\syscalls.o
 .bss.__env     0x00000000        0x4 Src\syscalls.o
 .bss.heap_end.5887
                0x00000000        0x4 Src\syscalls.o
 .data.environ  0x00000000        0x4 Src\syscalls.o
 .debug_info    0x00000000      0xfe1 Src\syscalls.o
 .debug_abbrev  0x00000000      0x2d9 Src\syscalls.o
 .debug_loc     0x00000000      0x3ef Src\syscalls.o
 .debug_aranges
                0x00000000       0xb0 Src\syscalls.o
 .debug_ranges  0x00000000       0xa0 Src\syscalls.o
 .debug_line    0x00000000      0x3c0 Src\syscalls.o
 .debug_str     0x00000000      0x877 Src\syscalls.o
 .comment       0x00000000       0x7d Src\syscalls.o
 .debug_frame   0x00000000      0x1a8 Src\syscalls.o
 .ARM.attributes
                0x00000000       0x33 Src\syscalls.o
 .text          0x00000000        0x0 Src\system_stm32f1xx.o
 .data          0x00000000        0x0 Src\system_stm32f1xx.o
 .bss           0x00000000        0x0 Src\system_stm32f1xx.o
 .text.SystemCoreClockUpdate
                0x00000000       0x5c Src\system_stm32f1xx.o
 .rodata.APBPrescTable
                0x00000000        0x8 Src\system_stm32f1xx.o
 .text          0x00000000        0x0 Src\tim.o
 .data          0x00000000        0x0 Src\tim.o
 .bss           0x00000000        0x0 Src\tim.o
 .text.HAL_TIM_Base_MspDeInit
                0x00000000       0x24 Src\tim.o
 .text          0x00000000       0x14 startup\startup_stm32f103xb.o
 .data          0x00000000        0x0 startup\startup_stm32f103xb.o
 .bss           0x00000000        0x0 startup\startup_stm32f103xb.o
 .text          0x00000000        0x0 c:/program files (x86)/atollic/truestudio for stm32 9.3.0/armtools/bin/../lib/gcc/arm-atollic-eabi/6.3.1/../../../../arm-atollic-eabi/lib/armv7-m\libc_nano.a(lib_a-errno.o)
 .data          0x00000000        0x0 c:/program files (x86)/atollic/truestudio for stm32 9.3.0/armtools/bin/../lib/gcc/arm-atollic-eabi/6.3.1/../../../../arm-atollic-eabi/lib/armv7-m\libc_nano.a(lib_a-errno.o)
 .bss           0x00000000        0x0 c:/program files (x86)/atollic/truestudio for stm32 9.3.0/armtools/bin/../lib/gcc/arm-atollic-eabi/6.3.1/../../../../arm-atollic-eabi/lib/armv7-m\libc_nano.a(lib_a-errno.o)
 .text.__errno  0x00000000        0xc c:/program files (x86)/atollic/truestudio for stm32 9.3.0/armtools/bin/../lib/gcc/arm-atollic-eabi/6.3.1/../../../../arm-atollic-eabi/lib/armv7-m\libc_nano.a(lib_a-errno.o)
 .debug_frame   0x00000000       0x20 c:/program files (x86)/atollic/truestudio for stm32 9.3.0/armtools/bin/../lib/gcc/arm-atollic-eabi/6.3.1/../../../../arm-atollic-eabi/lib/armv7-m\libc_nano.a(lib_a-errno.o)
 .ARM.attributes
                0x00000000       0x2d c:/program files (x86)/atollic/truestudio for stm32 9.3.0/armtools/bin/../lib/gcc/arm-atollic-eabi/6.3.1/../../../../arm-atollic-eabi/lib/armv7-m\libc_nano.a(lib_a-errno.o)
 .text          0x00000000        0x0 c:/program files (x86)/atollic/truestudio for stm32 9.3.0/armtools/bin/../lib/gcc/arm-atollic-eabi/6.3.1/../../../../arm-atollic-eabi/lib/armv7-m\libc_nano.a(lib_a-impure.o)
 .data          0x00000000        0x0 c:/program files (x86)/atollic/truestudio for stm32 9.3.0/armtools/bin/../lib/gcc/arm-atollic-eabi/6.3.1/../../../../arm-atollic-eabi/lib/armv7-m\libc_nano.a(lib_a-impure.o)
 .bss           0x00000000        0x0 c:/program files (x86)/atollic/truestudio for stm32 9.3.0/armtools/bin/../lib/gcc/arm-atollic-eabi/6.3.1/../../../../arm-atollic-eabi/lib/armv7-m\libc_nano.a(lib_a-impure.o)
 .data._impure_ptr
                0x00000000        0x4 c:/program files (x86)/atollic/truestudio for stm32 9.3.0/armtools/bin/../lib/gcc/arm-atollic-eabi/6.3.1/../../../../arm-atollic-eabi/lib/armv7-m\libc_nano.a(lib_a-impure.o)
 .data.impure_data
                0x00000000       0x60 c:/program files (x86)/atollic/truestudio for stm32 9.3.0/armtools/bin/../lib/gcc/arm-atollic-eabi/6.3.1/../../../../arm-atollic-eabi/lib/armv7-m\libc_nano.a(lib_a-impure.o)
 .rodata._global_impure_ptr
                0x00000000        0x4 c:/program files (x86)/atollic/truestudio for stm32 9.3.0/armtools/bin/../lib/gcc/arm-atollic-eabi/6.3.1/../../../../arm-atollic-eabi/lib/armv7-m\libc_nano.a(lib_a-impure.o)
 .ARM.attributes
                0x00000000       0x2d c:/program files (x86)/atollic/truestudio for stm32 9.3.0/armtools/bin/../lib/gcc/arm-atollic-eabi/6.3.1/../../../../arm-atollic-eabi/lib/armv7-m\libc_nano.a(lib_a-impure.o)
 .text          0x00000000        0x0 c:/program files (x86)/atollic/truestudio for stm32 9.3.0/armtools/bin/../lib/gcc/arm-atollic-eabi/6.3.1/../../../../arm-atollic-eabi/lib/armv7-m\libc_nano.a(lib_a-init.o)
 .data          0x00000000        0x0 c:/program files (x86)/atollic/truestudio for stm32 9.3.0/armtools/bin/../lib/gcc/arm-atollic-eabi/6.3.1/../../../../arm-atollic-eabi/lib/armv7-m\libc_nano.a(lib_a-init.o)
 .bss           0x00000000        0x0 c:/program files (x86)/atollic/truestudio for stm32 9.3.0/armtools/bin/../lib/gcc/arm-atollic-eabi/6.3.1/../../../../arm-atollic-eabi/lib/armv7-m\libc_nano.a(lib_a-init.o)
 .text          0x00000000        0x0 c:/program files (x86)/atollic/truestudio for stm32 9.3.0/armtools/bin/../lib/gcc/arm-atollic-eabi/6.3.1/../../../../arm-atollic-eabi/lib/armv7-m\libc_nano.a(lib_a-memset.o)
 .data          0x00000000        0x0 c:/program files (x86)/atollic/truestudio for stm32 9.3.0/armtools/bin/../lib/gcc/arm-atollic-eabi/6.3.1/../../../../arm-atollic-eabi/lib/armv7-m\libc_nano.a(lib_a-memset.o)
 .bss           0x00000000        0x0 c:/program files (x86)/atollic/truestudio for stm32 9.3.0/armtools/bin/../lib/gcc/arm-atollic-eabi/6.3.1/../../../../arm-atollic-eabi/lib/armv7-m\libc_nano.a(lib_a-memset.o)
 .text          0x00000000       0x18 c:/program files (x86)/atollic/truestudio for stm32 9.3.0/armtools/bin/../lib/gcc/arm-atollic-eabi/6.3.1/armv7-m\libgcc.a(_lshrdi3.o)
 .data          0x00000000        0x0 c:/program files (x86)/atollic/truestudio for stm32 9.3.0/armtools/bin/../lib/gcc/arm-atollic-eabi/6.3.1/armv7-m\libgcc.a(_lshrdi3.o)
 .bss           0x00000000        0x0 c:/program files (x86)/atollic/truestudio for stm32 9.3.0/armtools/bin/../lib/gcc/arm-atollic-eabi/6.3.1/armv7-m\libgcc.a(_lshrdi3.o)
 .ARM.attributes
                0x00000000       0x1d c:/program files (x86)/atollic/truestudio for stm32 9.3.0/armtools/bin/../lib/gcc/arm-atollic-eabi/6.3.1/armv7-m\libgcc.a(_lshrdi3.o)
 .data          0x00000000        0x0 c:/program files (x86)/atollic/truestudio for stm32 9.3.0/armtools/bin/../lib/gcc/arm-atollic-eabi/6.3.1/armv7-m\libgcc.a(_arm_addsubsf3.o)
 .bss           0x00000000        0x0 c:/program files (x86)/atollic/truestudio for stm32 9.3.0/armtools/bin/../lib/gcc/arm-atollic-eabi/6.3.1/armv7-m\libgcc.a(_arm_addsubsf3.o)
 .data          0x00000000        0x0 c:/program files (x86)/atollic/truestudio for stm32 9.3.0/armtools/bin/../lib/gcc/arm-atollic-eabi/6.3.1/armv7-m\libgcc.a(_arm_muldivsf3.o)
 .bss           0x00000000        0x0 c:/program files (x86)/atollic/truestudio for stm32 9.3.0/armtools/bin/../lib/gcc/arm-atollic-eabi/6.3.1/armv7-m\libgcc.a(_arm_muldivsf3.o)
 .text          0x00000000        0x0 c:/program files (x86)/atollic/truestudio for stm32 9.3.0/armtools/bin/../lib/gcc/arm-atollic-eabi/6.3.1/armv7-m/crtend.o
 .data          0x00000000        0x0 c:/program files (x86)/atollic/truestudio for stm32 9.3.0/armtools/bin/../lib/gcc/arm-atollic-eabi/6.3.1/armv7-m/crtend.o
 .bss           0x00000000        0x0 c:/program files (x86)/atollic/truestudio for stm32 9.3.0/armtools/bin/../lib/gcc/arm-atollic-eabi/6.3.1/armv7-m/crtend.o
 .eh_frame      0x00000000        0x4 c:/program files (x86)/atollic/truestudio for stm32 9.3.0/armtools/bin/../lib/gcc/arm-atollic-eabi/6.3.1/armv7-m/crtend.o
 .ARM.attributes
                0x00000000       0x2d c:/program files (x86)/atollic/truestudio for stm32 9.3.0/armtools/bin/../lib/gcc/arm-atollic-eabi/6.3.1/armv7-m/crtend.o
 .text          0x00000000        0x0 c:/program files (x86)/atollic/truestudio for stm32 9.3.0/armtools/bin/../lib/gcc/arm-atollic-eabi/6.3.1/armv7-m/crtn.o
 .data          0x00000000        0x0 c:/program files (x86)/atollic/truestudio for stm32 9.3.0/armtools/bin/../lib/gcc/arm-atollic-eabi/6.3.1/armv7-m/crtn.o
 .bss           0x00000000        0x0 c:/program files (x86)/atollic/truestudio for stm32 9.3.0/armtools/bin/../lib/gcc/arm-atollic-eabi/6.3.1/armv7-m/crtn.o

Memory Configuration

Name             Origin             Length             Attributes
RAM              0x20000000         0x00005000         xrw
FLASH            0x08000000         0x00010000         xr
*default*        0x00000000         0xffffffff

Linker script and memory map

LOAD c:/program files (x86)/atollic/truestudio for stm32 9.3.0/armtools/bin/../lib/gcc/arm-atollic-eabi/6.3.1/armv7-m/crti.o
LOAD c:/program files (x86)/atollic/truestudio for stm32 9.3.0/armtools/bin/../lib/gcc/arm-atollic-eabi/6.3.1/armv7-m/crtbegin.o
LOAD Drivers\STM32F1xx_HAL_Driver\Src\stm32f1xx_hal.o
LOAD Drivers\STM32F1xx_HAL_Driver\Src\stm32f1xx_hal_cortex.o
LOAD Drivers\STM32F1xx_HAL_Driver\Src\stm32f1xx_hal_dma.o
LOAD Drivers\STM32F1xx_HAL_Driver\Src\stm32f1xx_hal_flash.o
LOAD Drivers\STM32F1xx_HAL_Driver\Src\stm32f1xx_hal_flash_ex.o
LOAD Drivers\STM32F1xx_HAL_Driver\Src\stm32f1xx_hal_gpio.o
LOAD Drivers\STM32F1xx_HAL_Driver\Src\stm32f1xx_hal_gpio_ex.o
LOAD Drivers\STM32F1xx_HAL_Driver\Src\stm32f1xx_hal_pwr.o
LOAD Drivers\STM32F1xx_HAL_Driver\Src\stm32f1xx_hal_rcc.o
LOAD Drivers\STM32F1xx_HAL_Driver\Src\stm32f1xx_hal_rcc_ex.o
LOAD Drivers\STM32F1xx_HAL_Driver\Src\stm32f1xx_hal_tim.o
LOAD Drivers\STM32F1xx_HAL_Driver\Src\stm32f1xx_hal_tim_ex.o
LOAD Src\ds18b20.o
LOAD Src\gpio.o
LOAD Src\main.o
LOAD Src\onewire.o
LOAD Src\stm32f1xx_hal_msp.o
LOAD Src\stm32f1xx_it.o
LOAD Src\syscalls.o
LOAD Src\system_stm32f1xx.o
LOAD Src\tim.o
LOAD startup\startup_stm32f103xb.o
                0x00000080                malloc_getpagesize_P = 0x80
START GROUP
LOAD c:/program files (x86)/atollic/truestudio for stm32 9.3.0/armtools/bin/../lib/gcc/arm-atollic-eabi/6.3.1/../../../../arm-atollic-eabi/lib/armv7-m\libc_nano.a
LOAD c:/program files (x86)/atollic/truestudio for stm32 9.3.0/armtools/bin/../lib/gcc/arm-atollic-eabi/6.3.1/../../../../arm-atollic-eabi/lib/armv7-m\libm.a
END GROUP
START GROUP
LOAD c:/program files (x86)/atollic/truestudio for stm32 9.3.0/armtools/bin/../lib/gcc/arm-atollic-eabi/6.3.1/armv7-m\libgcc.a
LOAD c:/program files (x86)/atollic/truestudio for stm32 9.3.0/armtools/bin/../lib/gcc/arm-atollic-eabi/6.3.1/../../../../arm-atollic-eabi/lib/armv7-m\libc_nano.a
END GROUP
START GROUP
LOAD c:/program files (x86)/atollic/truestudio for stm32 9.3.0/armtools/bin/../lib/gcc/arm-atollic-eabi/6.3.1/armv7-m\libgcc.a
LOAD c:/program files (x86)/atollic/truestudio for stm32 9.3.0/armtools/bin/../lib/gcc/arm-atollic-eabi/6.3.1/../../../../arm-atollic-eabi/lib/armv7-m\libc_nano.a
LOAD c:/program files (x86)/atollic/truestudio for stm32 9.3.0/armtools/bin/../lib/gcc/arm-atollic-eabi/6.3.1/../../../../arm-atollic-eabi/lib/armv7-m\libnosys.a
END GROUP
START GROUP
LOAD c:/program files (x86)/atollic/truestudio for stm32 9.3.0/armtools/bin/../lib/gcc/arm-atollic-eabi/6.3.1/armv7-m\libgcc.a
LOAD c:/program files (x86)/atollic/truestudio for stm32 9.3.0/armtools/bin/../lib/gcc/arm-atollic-eabi/6.3.1/../../../../arm-atollic-eabi/lib/armv7-m\libc_nano.a
LOAD c:/program files (x86)/atollic/truestudio for stm32 9.3.0/armtools/bin/../lib/gcc/arm-atollic-eabi/6.3.1/../../../../arm-atollic-eabi/lib/armv7-m\libnosys.a
END GROUP
LOAD c:/program files (x86)/atollic/truestudio for stm32 9.3.0/armtools/bin/../lib/gcc/arm-atollic-eabi/6.3.1/armv7-m/crtend.o
LOAD c:/program files (x86)/atollic/truestudio for stm32 9.3.0/armtools/bin/../lib/gcc/arm-atollic-eabi/6.3.1/armv7-m/crtn.o
                0x20005000                _estack = 0x20005000
                0x00000200                _Min_Heap_Size = 0x200
                0x00000400                _Min_Stack_Size = 0x400

.isr_vector     0x08000000      0x10c
                0x08000000                . = ALIGN (0x4)
 *(.isr_vector)
 .isr_vector    0x08000000      0x10c startup\startup_stm32f103xb.o
                0x08000000                g_pfnVectors
                0x0800010c                . = ALIGN (0x4)

.text           0x0800010c     0x1a24
                0x0800010c                . = ALIGN (0x4)
 *(.text)
 .text          0x0800010c       0x40 c:/program files (x86)/atollic/truestudio for stm32 9.3.0/armtools/bin/../lib/gcc/arm-atollic-eabi/6.3.1/armv7-m/crtbegin.o
 .text          0x0800014c      0x21c c:/program files (x86)/atollic/truestudio for stm32 9.3.0/armtools/bin/../lib/gcc/arm-atollic-eabi/6.3.1/armv7-m\libgcc.a(_arm_addsubsf3.o)
                0x0800014c                __aeabi_frsub
                0x08000154                __subsf3
                0x08000154                __aeabi_fsub
                0x08000158                __aeabi_fadd
                0x08000158                __addsf3
                0x080002b8                __aeabi_ui2f
                0x080002b8                __floatunsisf
                0x080002c0                __aeabi_i2f
                0x080002c0                __floatsisf
                0x080002dc                __aeabi_ul2f
                0x080002dc                __floatundisf
                0x080002ec                __aeabi_l2f
                0x080002ec                __floatdisf
 .text          0x08000368      0x2a0 c:/program files (x86)/atollic/truestudio for stm32 9.3.0/armtools/bin/../lib/gcc/arm-atollic-eabi/6.3.1/armv7-m\libgcc.a(_arm_muldivsf3.o)
                0x08000368                __mulsf3
                0x08000368                __aeabi_fmul
                0x080004d0                __aeabi_fdiv
                0x080004d0                __divsf3
 *(.text*)
 .text.HAL_InitTick
                0x08000608       0x48 Drivers\STM32F1xx_HAL_Driver\Src\stm32f1xx_hal.o
                0x08000608                HAL_InitTick
 .text.HAL_Init
                0x08000650       0x24 Drivers\STM32F1xx_HAL_Driver\Src\stm32f1xx_hal.o
                0x08000650                HAL_Init
 .text.HAL_IncTick
                0x08000674       0x18 Drivers\STM32F1xx_HAL_Driver\Src\stm32f1xx_hal.o
                0x08000674                HAL_IncTick
 .text.HAL_GetTick
                0x0800068c        0xc Drivers\STM32F1xx_HAL_Driver\Src\stm32f1xx_hal.o
                0x0800068c                HAL_GetTick
 .text.HAL_Delay
                0x08000698       0x24 Drivers\STM32F1xx_HAL_Driver\Src\stm32f1xx_hal.o
                0x08000698                HAL_Delay
 .text.HAL_NVIC_SetPriorityGrouping
                0x080006bc       0x24 Drivers\STM32F1xx_HAL_Driver\Src\stm32f1xx_hal_cortex.o
                0x080006bc                HAL_NVIC_SetPriorityGrouping
 .text.HAL_NVIC_SetPriority
                0x080006e0       0x68 Drivers\STM32F1xx_HAL_Driver\Src\stm32f1xx_hal_cortex.o
                0x080006e0                HAL_NVIC_SetPriority
 .text.HAL_NVIC_EnableIRQ
                0x08000748       0x18 Drivers\STM32F1xx_HAL_Driver\Src\stm32f1xx_hal_cortex.o
                0x08000748                HAL_NVIC_EnableIRQ
 .text.HAL_SYSTICK_Config
                0x08000760       0x2c Drivers\STM32F1xx_HAL_Driver\Src\stm32f1xx_hal_cortex.o
                0x08000760                HAL_SYSTICK_Config
 .text.HAL_GPIO_Init
                0x0800078c      0x1c0 Drivers\STM32F1xx_HAL_Driver\Src\stm32f1xx_hal_gpio.o
                0x0800078c                HAL_GPIO_Init
 .text.HAL_GPIO_ReadPin
                0x0800094c        0xc Drivers\STM32F1xx_HAL_Driver\Src\stm32f1xx_hal_gpio.o
                0x0800094c                HAL_GPIO_ReadPin
 .text.HAL_GPIO_WritePin
                0x08000958        0xa Drivers\STM32F1xx_HAL_Driver\Src\stm32f1xx_hal_gpio.o
                0x08000958                HAL_GPIO_WritePin
 *fill*         0x08000962        0x2 
 .text.HAL_RCC_OscConfig
                0x08000964      0x318 Drivers\STM32F1xx_HAL_Driver\Src\stm32f1xx_hal_rcc.o
                0x08000964                HAL_RCC_OscConfig
 .text.HAL_RCC_GetSysClockFreq
                0x08000c7c       0x78 Drivers\STM32F1xx_HAL_Driver\Src\stm32f1xx_hal_rcc.o
                0x08000c7c                HAL_RCC_GetSysClockFreq
 .text.HAL_RCC_ClockConfig
                0x08000cf4      0x164 Drivers\STM32F1xx_HAL_Driver\Src\stm32f1xx_hal_rcc.o
                0x08000cf4                HAL_RCC_ClockConfig
 .text.HAL_TIM_Base_Start_IT
                0x08000e58       0x16 Drivers\STM32F1xx_HAL_Driver\Src\stm32f1xx_hal_tim.o
                0x08000e58                HAL_TIM_Base_Start_IT
 .text.HAL_TIM_ConfigClockSource
                0x08000e6e      0x172 Drivers\STM32F1xx_HAL_Driver\Src\stm32f1xx_hal_tim.o
                0x08000e6e                HAL_TIM_ConfigClockSource
 .text.HAL_TIM_OC_DelayElapsedCallback
                0x08000fe0        0x2 Drivers\STM32F1xx_HAL_Driver\Src\stm32f1xx_hal_tim.o
                0x08000fe0                HAL_TIM_OC_DelayElapsedCallback
 .text.HAL_TIM_IC_CaptureCallback
                0x08000fe2        0x2 Drivers\STM32F1xx_HAL_Driver\Src\stm32f1xx_hal_tim.o
                0x08000fe2                HAL_TIM_IC_CaptureCallback
 .text.HAL_TIM_PWM_PulseFinishedCallback
                0x08000fe4        0x2 Drivers\STM32F1xx_HAL_Driver\Src\stm32f1xx_hal_tim.o
                0x08000fe4                HAL_TIM_PWM_PulseFinishedCallback
 .text.HAL_TIM_TriggerCallback
                0x08000fe6        0x2 Drivers\STM32F1xx_HAL_Driver\Src\stm32f1xx_hal_tim.o
                0x08000fe6                HAL_TIM_TriggerCallback
 .text.HAL_TIM_IRQHandler
                0x08000fe8      0x144 Drivers\STM32F1xx_HAL_Driver\Src\stm32f1xx_hal_tim.o
                0x08000fe8                HAL_TIM_IRQHandler
 .text.TIM_Base_SetConfig
                0x0800112c       0x70 Drivers\STM32F1xx_HAL_Driver\Src\stm32f1xx_hal_tim.o
                0x0800112c                TIM_Base_SetConfig
 .text.HAL_TIM_Base_Init
                0x0800119c       0x34 Drivers\STM32F1xx_HAL_Driver\Src\stm32f1xx_hal_tim.o
                0x0800119c                HAL_TIM_Base_Init
 .text.HAL_TIMEx_MasterConfigSynchronization
                0x080011d0       0x44 Drivers\STM32F1xx_HAL_Driver\Src\stm32f1xx_hal_tim_ex.o
                0x080011d0                HAL_TIMEx_MasterConfigSynchronization
 .text.HAL_TIMEx_CommutationCallback
                0x08001214        0x2 Drivers\STM32F1xx_HAL_Driver\Src\stm32f1xx_hal_tim_ex.o
                0x08001214                HAL_TIMEx_CommutationCallback
 .text.HAL_TIMEx_BreakCallback
                0x08001216        0x2 Drivers\STM32F1xx_HAL_Driver\Src\stm32f1xx_hal_tim_ex.o
                0x08001216                HAL_TIMEx_BreakCallback
 .text.DS18B20_StartAll
                0x08001218       0x24 Src\ds18b20.o
                0x08001218                DS18B20_StartAll
 .text.DS18B20_Read
                0x0800123c       0xb8 Src\ds18b20.o
                0x0800123c                DS18B20_Read
 .text.DS18B20_SetResolution
                0x080012f4       0xe0 Src\ds18b20.o
                0x080012f4                DS18B20_SetResolution
 .text.DS18B20_AllDone
                0x080013d4        0xc Src\ds18b20.o
                0x080013d4                DS18B20_AllDone
 .text.DS18B20_ReadAll
                0x080013e0       0x48 Src\ds18b20.o
                0x080013e0                DS18B20_ReadAll
 .text.DS18B20_GetROM
                0x08001428       0x2c Src\ds18b20.o
                0x08001428                DS18B20_GetROM
 .text.DS18B20_Quantity
                0x08001454        0xc Src\ds18b20.o
                0x08001454                DS18B20_Quantity
 .text.DS18B20_GetTemperature
                0x08001460       0x18 Src\ds18b20.o
                0x08001460                DS18B20_GetTemperature
 .text.DS18B20_Init
                0x08001478       0x80 Src\ds18b20.o
                0x08001478                DS18B20_Init
 .text.MX_GPIO_Init
                0x080014f8       0x94 Src\gpio.o
                0x080014f8                MX_GPIO_Init
 .text.SystemClock_Config
                0x0800158c       0x54 Src\main.o
                0x0800158c                SystemClock_Config
 .text.startup.main
                0x080015e0       0x6c Src\main.o
                0x080015e0                main
 .text.HAL_TIM_PeriodElapsedCallback
                0x0800164c       0x1c Src\main.o
                0x0800164c                HAL_TIM_PeriodElapsedCallback
 .text.Error_Handler
                0x08001668        0x2 Src\main.o
                0x08001668                Error_Handler
 *fill*         0x0800166a        0x2 
 .text.OneWire_Delay
                0x0800166c       0x14 Src\onewire.o
                0x0800166c                OneWire_Delay
 .text.OneWire_BusInputDirection
                0x08001680       0x20 Src\onewire.o
                0x08001680                OneWire_BusInputDirection
 .text.OneWire_BusOutputDirection
                0x080016a0       0x22 Src\onewire.o
                0x080016a0                OneWire_BusOutputDirection
 .text.OneWire_OutputLow
                0x080016c2        0xa Src\onewire.o
                0x080016c2                OneWire_OutputLow
 .text.OneWire_Reset
                0x080016cc       0x36 Src\onewire.o
                0x080016cc                OneWire_Reset
 .text.OneWire_WriteBit
                0x08001702       0x42 Src\onewire.o
                0x08001702                OneWire_WriteBit
 .text.OneWire_ReadBit
                0x08001744       0x36 Src\onewire.o
                0x08001744                OneWire_ReadBit
 .text.OneWire_WriteByte
                0x0800177a       0x20 Src\onewire.o
                0x0800177a                OneWire_WriteByte
 .text.OneWire_ReadByte
                0x0800179a       0x22 Src\onewire.o
                0x0800179a                OneWire_ReadByte
 .text.OneWire_Search
                0x080017bc       0xd4 Src\onewire.o
                0x080017bc                OneWire_Search
 .text.OneWire_First
                0x08001890        0xe Src\onewire.o
                0x08001890                OneWire_First
 .text.OneWire_Next
                0x0800189e        0x6 Src\onewire.o
                0x0800189e                OneWire_Next
 .text.OneWire_SelectWithPointer
                0x080018a4       0x20 Src\onewire.o
                0x080018a4                OneWire_SelectWithPointer
 .text.OneWire_GetFullROM
                0x080018c4       0x16 Src\onewire.o
                0x080018c4                OneWire_GetFullROM
 .text.OneWire_Init
                0x080018da       0x34 Src\onewire.o
                0x080018da                OneWire_Init
 *fill*         0x0800190e        0x2 
 .text.HAL_MspInit
                0x08001910       0x4c Src\stm32f1xx_hal_msp.o
                0x08001910                HAL_MspInit
 .text.NMI_Handler
                0x0800195c        0x2 Src\stm32f1xx_it.o
                0x0800195c                NMI_Handler
 .text.HardFault_Handler
                0x0800195e        0x2 Src\stm32f1xx_it.o
                0x0800195e                HardFault_Handler
 .text.MemManage_Handler
                0x08001960        0x2 Src\stm32f1xx_it.o
                0x08001960                MemManage_Handler
 .text.BusFault_Handler
                0x08001962        0x2 Src\stm32f1xx_it.o
                0x08001962                BusFault_Handler
 .text.UsageFault_Handler
                0x08001964        0x2 Src\stm32f1xx_it.o
                0x08001964                UsageFault_Handler
 .text.SVC_Handler
                0x08001966        0x2 Src\stm32f1xx_it.o
                0x08001966                SVC_Handler
 .text.DebugMon_Handler
                0x08001968        0x2 Src\stm32f1xx_it.o
                0x08001968                DebugMon_Handler
 .text.PendSV_Handler
                0x0800196a        0x2 Src\stm32f1xx_it.o
                0x0800196a                PendSV_Handler
 .text.SysTick_Handler
                0x0800196c        0x4 Src\stm32f1xx_it.o
                0x0800196c                SysTick_Handler
 .text.RCC_IRQHandler
                0x08001970        0x2 Src\stm32f1xx_it.o
                0x08001970                RCC_IRQHandler
 *fill*         0x08001972        0x2 
 .text.TIM1_UP_IRQHandler
                0x08001974        0xc Src\stm32f1xx_it.o
                0x08001974                TIM1_UP_IRQHandler
 .text.SystemInit
                0x08001980       0x4c Src\system_stm32f1xx.o
                0x08001980                SystemInit
 .text.MX_TIM1_Init
                0x080019cc       0x6c Src\tim.o
                0x080019cc                MX_TIM1_Init
 .text.HAL_TIM_Base_MspInit
                0x08001a38       0x3c Src\tim.o
                0x08001a38                HAL_TIM_Base_MspInit
 .text.Reset_Handler
                0x08001a74       0x48 startup\startup_stm32f103xb.o
                0x08001a74                Reset_Handler
 .text.Default_Handler
                0x08001abc        0x2 startup\startup_stm32f103xb.o
                0x08001abc                RTC_Alarm_IRQHandler
                0x08001abc                EXTI2_IRQHandler
                0x08001abc                TIM1_CC_IRQHandler
                0x08001abc                PVD_IRQHandler
                0x08001abc                EXTI3_IRQHandler
                0x08001abc                EXTI0_IRQHandler
                0x08001abc                I2C2_EV_IRQHandler
                0x08001abc                ADC1_2_IRQHandler
                0x08001abc                SPI1_IRQHandler
                0x08001abc                TAMPER_IRQHandler
                0x08001abc                DMA1_Channel4_IRQHandler
                0x08001abc                USART3_IRQHandler
                0x08001abc                RTC_IRQHandler
                0x08001abc                DMA1_Channel7_IRQHandler
                0x08001abc                CAN1_RX1_IRQHandler
                0x08001abc                TIM4_IRQHandler
                0x08001abc                I2C1_EV_IRQHandler
                0x08001abc                DMA1_Channel6_IRQHandler
                0x08001abc                TIM3_IRQHandler
                0x08001abc                TIM1_TRG_COM_IRQHandler
                0x08001abc                DMA1_Channel1_IRQHandler
                0x08001abc                Default_Handler
                0x08001abc                EXTI15_10_IRQHandler
                0x08001abc                EXTI9_5_IRQHandler
                0x08001abc                SPI2_IRQHandler
                0x08001abc                DMA1_Channel5_IRQHandler
                0x08001abc                EXTI4_IRQHandler
                0x08001abc                USB_LP_CAN1_RX0_IRQHandler
                0x08001abc                USB_HP_CAN1_TX_IRQHandler
                0x08001abc                DMA1_Channel3_IRQHandler
                0x08001abc                WWDG_IRQHandler
                0x08001abc                TIM2_IRQHandler
                0x08001abc                TIM1_BRK_IRQHandler
                0x08001abc                EXTI1_IRQHandler
                0x08001abc                USART2_IRQHandler
                0x08001abc                I2C2_ER_IRQHandler
                0x08001abc                DMA1_Channel2_IRQHandler
                0x08001abc                CAN1_SCE_IRQHandler
                0x08001abc                FLASH_IRQHandler
                0x08001abc                USART1_IRQHandler
                0x08001abc                I2C1_ER_IRQHandler
                0x08001abc                USBWakeUp_IRQHandler
 *fill*         0x08001abe        0x2 
 .text.__libc_init_array
                0x08001ac0       0x48 c:/program files (x86)/atollic/truestudio for stm32 9.3.0/armtools/bin/../lib/gcc/arm-atollic-eabi/6.3.1/../../../../arm-atollic-eabi/lib/armv7-m\libc_nano.a(lib_a-init.o)
                0x08001ac0                __libc_init_array
 .text.memset   0x08001b08       0x10 c:/program files (x86)/atollic/truestudio for stm32 9.3.0/armtools/bin/../lib/gcc/arm-atollic-eabi/6.3.1/../../../../arm-atollic-eabi/lib/armv7-m\libc_nano.a(lib_a-memset.o)
                0x08001b08                memset
 *(.glue_7)
 .glue_7        0x08001b18        0x0 linker stubs
 *(.glue_7t)
 .glue_7t       0x08001b18        0x0 linker stubs
 *(.eh_frame)
 .eh_frame      0x08001b18        0x0 c:/program files (x86)/atollic/truestudio for stm32 9.3.0/armtools/bin/../lib/gcc/arm-atollic-eabi/6.3.1/armv7-m/crtbegin.o
 *(.init)
 .init          0x08001b18        0x4 c:/program files (x86)/atollic/truestudio for stm32 9.3.0/armtools/bin/../lib/gcc/arm-atollic-eabi/6.3.1/armv7-m/crti.o
                0x08001b18                _init
 .init          0x08001b1c        0x8 c:/program files (x86)/atollic/truestudio for stm32 9.3.0/armtools/bin/../lib/gcc/arm-atollic-eabi/6.3.1/armv7-m/crtn.o
 *(.fini)
 .fini          0x08001b24        0x4 c:/program files (x86)/atollic/truestudio for stm32 9.3.0/armtools/bin/../lib/gcc/arm-atollic-eabi/6.3.1/armv7-m/crti.o
                0x08001b24                _fini
 .fini          0x08001b28        0x8 c:/program files (x86)/atollic/truestudio for stm32 9.3.0/armtools/bin/../lib/gcc/arm-atollic-eabi/6.3.1/armv7-m/crtn.o
                0x08001b30                . = ALIGN (0x4)
                0x08001b30                _etext = .

.vfp11_veneer   0x08001b30        0x0
 .vfp11_veneer  0x08001b30        0x0 linker stubs

.v4_bx          0x08001b30        0x0
 .v4_bx         0x08001b30        0x0 linker stubs

.iplt           0x08001b30        0x0
 .iplt          0x08001b30        0x0 c:/program files (x86)/atollic/truestudio for stm32 9.3.0/armtools/bin/../lib/gcc/arm-atollic-eabi/6.3.1/armv7-m/crtbegin.o

.rodata         0x08001b30       0x20
                0x08001b30                . = ALIGN (0x4)
 *(.rodata)
 .rodata        0x08001b30       0x10 Drivers\STM32F1xx_HAL_Driver\Src\stm32f1xx_hal_rcc.o
 *(.rodata*)
 .rodata.AHBPrescTable
                0x08001b40       0x10 Src\system_stm32f1xx.o
                0x08001b40                AHBPrescTable
                0x08001b50                . = ALIGN (0x4)

.rel.dyn        0x08001b50        0x0
 .rel.iplt      0x08001b50        0x0 c:/program files (x86)/atollic/truestudio for stm32 9.3.0/armtools/bin/../lib/gcc/arm-atollic-eabi/6.3.1/armv7-m/crtbegin.o

.ARM.extab
 *(.ARM.extab* .gnu.linkonce.armextab.*)

.ARM            0x08001b50        0x0
                0x08001b50                __exidx_start = .
 *(.ARM.exidx*)
                0x08001b50                __exidx_end = .

.preinit_array  0x08001b50        0x0
                0x08001b50                PROVIDE (__preinit_array_start, .)
 *(.preinit_array*)
                0x08001b50                PROVIDE (__preinit_array_end, .)

.init_array     0x08001b50        0x4
                0x08001b50                PROVIDE (__init_array_start, .)
 *(SORT(.init_array.*))
 *(.init_array*)
 .init_array    0x08001b50        0x4 c:/program files (x86)/atollic/truestudio for stm32 9.3.0/armtools/bin/../lib/gcc/arm-atollic-eabi/6.3.1/armv7-m/crtbegin.o
                0x08001b54                PROVIDE (__init_array_end, .)

.fini_array     0x08001b54        0x4
                [!provide]                PROVIDE (__fini_array_start, .)
 *(SORT(.fini_array.*))
 *(.fini_array*)
 .fini_array    0x08001b54        0x4 c:/program files (x86)/atollic/truestudio for stm32 9.3.0/armtools/bin/../lib/gcc/arm-atollic-eabi/6.3.1/armv7-m/crtbegin.o
                [!provide]                PROVIDE (__fini_array_end, .)
                0x08001b58                _sidata = LOADADDR (.data)

.data           0x20000000        0xc load address 0x08001b58
                0x20000000                . = ALIGN (0x4)
                0x20000000                _sdata = .
 *(.data)
 *(.data*)
 .data.uwTickFreq
                0x20000000        0x1 Drivers\STM32F1xx_HAL_Driver\Src\stm32f1xx_hal.o
                0x20000000                uwTickFreq
 *fill*         0x20000001        0x3 
 .data.uwTickPrio
                0x20000004        0x4 Drivers\STM32F1xx_HAL_Driver\Src\stm32f1xx_hal.o
                0x20000004                uwTickPrio
 .data.SystemCoreClock
                0x20000008        0x4 Src\system_stm32f1xx.o
                0x20000008                SystemCoreClock
                0x2000000c                . = ALIGN (0x4)
                0x2000000c                _edata = .

.igot.plt       0x2000000c        0x0 load address 0x08001b64
 .igot.plt      0x2000000c        0x0 c:/program files (x86)/atollic/truestudio for stm32 9.3.0/armtools/bin/../lib/gcc/arm-atollic-eabi/6.3.1/armv7-m/crtbegin.o
                0x2000000c                . = ALIGN (0x4)

.bss            0x2000000c       0xd4 load address 0x08001b64
                0x2000000c                _sbss = .
                0x2000000c                __bss_start__ = _sbss
 *(.bss)
 .bss           0x2000000c       0x1c c:/program files (x86)/atollic/truestudio for stm32 9.3.0/armtools/bin/../lib/gcc/arm-atollic-eabi/6.3.1/armv7-m/crtbegin.o
 *(.bss*)
 .bss.TempSensorCount
                0x20000028        0x1 Src\ds18b20.o
                0x20000028                TempSensorCount
 *(COMMON)
 *fill*         0x20000029        0x3 
 COMMON         0x2000002c        0x4 Drivers\STM32F1xx_HAL_Driver\Src\stm32f1xx_hal.o
                0x2000002c                uwTick
 COMMON         0x20000030       0x28 Src\ds18b20.o
                0x20000030                OneWireDevices
                0x20000034                ds18b20
                0x20000044                OneWire
 COMMON         0x20000058       0x46 Src\main.o
                0x20000058                temperature
                0x2000005c                message
                0x2000009c                czas
 *fill*         0x2000009e        0x2 
 COMMON         0x200000a0       0x40 Src\tim.o
                0x200000a0                htim1
                0x200000e0                . = ALIGN (0x4)
                0x200000e0                _ebss = .
                0x200000e0                __bss_end__ = _ebss

._user_heap_stack
                0x200000e0      0x600 load address 0x08001b64
                0x200000e0                . = ALIGN (0x4)
                0x200000e0                PROVIDE (end, .)
                [!provide]                PROVIDE (_end, .)
                0x200002e0                . = (. + _Min_Heap_Size)
 *fill*         0x200000e0      0x200 
                0x200006e0                . = (. + _Min_Stack_Size)
 *fill*         0x200002e0      0x400 
                0x200006e0                . = ALIGN (0x4)

/DISCARD/
 libc.a(*)
 libm.a(*)
 libgcc.a(*)

.ARM.attributes
                0x00000000       0x29
 *(.ARM.attributes)
 .ARM.attributes
                0x00000000       0x1d c:/program files (x86)/atollic/truestudio for stm32 9.3.0/armtools/bin/../lib/gcc/arm-atollic-eabi/6.3.1/armv7-m/crti.o
 .ARM.attributes
                0x0000001d       0x2d c:/program files (x86)/atollic/truestudio for stm32 9.3.0/armtools/bin/../lib/gcc/arm-atollic-eabi/6.3.1/armv7-m/crtbegin.o
 .ARM.attributes
                0x0000004a       0x33 Drivers\STM32F1xx_HAL_Driver\Src\stm32f1xx_hal.o
 .ARM.attributes
                0x0000007d       0x33 Drivers\STM32F1xx_HAL_Driver\Src\stm32f1xx_hal_cortex.o
 .ARM.attributes
                0x000000b0       0x33 Drivers\STM32F1xx_HAL_Driver\Src\stm32f1xx_hal_gpio.o
 .ARM.attributes
                0x000000e3       0x33 Drivers\STM32F1xx_HAL_Driver\Src\stm32f1xx_hal_rcc.o
 .ARM.attributes
                0x00000116       0x33 Drivers\STM32F1xx_HAL_Driver\Src\stm32f1xx_hal_tim.o
 .ARM.attributes
                0x00000149       0x33 Drivers\STM32F1xx_HAL_Driver\Src\stm32f1xx_hal_tim_ex.o
 .ARM.attributes
                0x0000017c       0x33 Src\ds18b20.o
 .ARM.attributes
                0x000001af       0x33 Src\gpio.o
 .ARM.attributes
                0x000001e2       0x33 Src\main.o
 .ARM.attributes
                0x00000215       0x33 Src\onewire.o
 .ARM.attributes
                0x00000248       0x33 Src\stm32f1xx_hal_msp.o
 .ARM.attributes
                0x0000027b       0x33 Src\stm32f1xx_it.o
 .ARM.attributes
                0x000002ae       0x33 Src\system_stm32f1xx.o
 .ARM.attributes
                0x000002e1       0x33 Src\tim.o
 .ARM.attributes
                0x00000314       0x21 startup\startup_stm32f103xb.o
 .ARM.attributes
                0x00000335       0x2d c:/program files (x86)/atollic/truestudio for stm32 9.3.0/armtools/bin/../lib/gcc/arm-atollic-eabi/6.3.1/../../../../arm-atollic-eabi/lib/armv7-m\libc_nano.a(lib_a-init.o)
 .ARM.attributes
                0x00000362       0x2d c:/program files (x86)/atollic/truestudio for stm32 9.3.0/armtools/bin/../lib/gcc/arm-atollic-eabi/6.3.1/../../../../arm-atollic-eabi/lib/armv7-m\libc_nano.a(lib_a-memset.o)
 .ARM.attributes
                0x0000038f       0x1d c:/program files (x86)/atollic/truestudio for stm32 9.3.0/armtools/bin/../lib/gcc/arm-atollic-eabi/6.3.1/armv7-m\libgcc.a(_arm_addsubsf3.o)
 .ARM.attributes
                0x000003ac       0x1d c:/program files (x86)/atollic/truestudio for stm32 9.3.0/armtools/bin/../lib/gcc/arm-atollic-eabi/6.3.1/armv7-m\libgcc.a(_arm_muldivsf3.o)
 .ARM.attributes
                0x000003c9       0x1d c:/program files (x86)/atollic/truestudio for stm32 9.3.0/armtools/bin/../lib/gcc/arm-atollic-eabi/6.3.1/armv7-m/crtn.o
OUTPUT(STM32F103_DS18B21_TIMER.elf elf32-littlearm)

.debug_info     0x00000000    0x11f74
 .debug_info    0x00000000      0xfc8 Drivers\STM32F1xx_HAL_Driver\Src\stm32f1xx_hal.o
 .debug_info    0x00000fc8     0x14a9 Drivers\STM32F1xx_HAL_Driver\Src\stm32f1xx_hal_cortex.o
 .debug_info    0x00002471      0xec2 Drivers\STM32F1xx_HAL_Driver\Src\stm32f1xx_hal_gpio.o
 .debug_info    0x00003333     0x123d Drivers\STM32F1xx_HAL_Driver\Src\stm32f1xx_hal_rcc.o
 .debug_info    0x00004570     0x3bb9 Drivers\STM32F1xx_HAL_Driver\Src\stm32f1xx_hal_tim.o
 .debug_info    0x00008129     0x1989 Drivers\STM32F1xx_HAL_Driver\Src\stm32f1xx_hal_tim_ex.o
 .debug_info    0x00009ab2     0x1468 Src\ds18b20.o
 .debug_info    0x0000af1a      0xbef Src\gpio.o
 .debug_info    0x0000bb09     0x13b7 Src\main.o
 .debug_info    0x0000cec0     0x17a8 Src\onewire.o
 .debug_info    0x0000e668      0xafd Src\stm32f1xx_hal_msp.o
 .debug_info    0x0000f165      0xef5 Src\stm32f1xx_it.o
 .debug_info    0x0001005a      0xc4d Src\system_stm32f1xx.o
 .debug_info    0x00010ca7     0x1235 Src\tim.o
 .debug_info    0x00011edc       0x98 startup\startup_stm32f103xb.o

.debug_abbrev   0x00000000     0x27d6
 .debug_abbrev  0x00000000      0x315 Drivers\STM32F1xx_HAL_Driver\Src\stm32f1xx_hal.o
 .debug_abbrev  0x00000315      0x399 Drivers\STM32F1xx_HAL_Driver\Src\stm32f1xx_hal_cortex.o
 .debug_abbrev  0x000006ae      0x268 Drivers\STM32F1xx_HAL_Driver\Src\stm32f1xx_hal_gpio.o
 .debug_abbrev  0x00000916      0x367 Drivers\STM32F1xx_HAL_Driver\Src\stm32f1xx_hal_rcc.o
 .debug_abbrev  0x00000c7d      0x3bb Drivers\STM32F1xx_HAL_Driver\Src\stm32f1xx_hal_tim.o
 .debug_abbrev  0x00001038      0x30d Drivers\STM32F1xx_HAL_Driver\Src\stm32f1xx_hal_tim_ex.o
 .debug_abbrev  0x00001345      0x3be Src\ds18b20.o
 .debug_abbrev  0x00001703      0x1f9 Src\gpio.o
 .debug_abbrev  0x000018fc      0x2b9 Src\main.o
 .debug_abbrev  0x00001bb5      0x3bd Src\onewire.o
 .debug_abbrev  0x00001f72      0x1ea Src\stm32f1xx_hal_msp.o
 .debug_abbrev  0x0000215c      0x226 Src\stm32f1xx_it.o
 .debug_abbrev  0x00002382      0x1eb Src\system_stm32f1xx.o
 .debug_abbrev  0x0000256d      0x257 Src\tim.o
 .debug_abbrev  0x000027c4       0x12 startup\startup_stm32f103xb.o

.debug_loc      0x00000000     0x5328
 .debug_loc     0x00000000      0x11b Drivers\STM32F1xx_HAL_Driver\Src\stm32f1xx_hal.o
 .debug_loc     0x0000011b      0x46b Drivers\STM32F1xx_HAL_Driver\Src\stm32f1xx_hal_cortex.o
 .debug_loc     0x00000586      0x36a Drivers\STM32F1xx_HAL_Driver\Src\stm32f1xx_hal_gpio.o
 .debug_loc     0x000008f0      0x4c3 Drivers\STM32F1xx_HAL_Driver\Src\stm32f1xx_hal_rcc.o
 .debug_loc     0x00000db3     0x300c Drivers\STM32F1xx_HAL_Driver\Src\stm32f1xx_hal_tim.o
 .debug_loc     0x00003dbf      0x822 Drivers\STM32F1xx_HAL_Driver\Src\stm32f1xx_hal_tim_ex.o
 .debug_loc     0x000045e1      0x5c3 Src\ds18b20.o
 .debug_loc     0x00004ba4       0x2d Src\main.o
 .debug_loc     0x00004bd1      0x63d Src\onewire.o
 .debug_loc     0x0000520e       0xcd Src\system_stm32f1xx.o
 .debug_loc     0x000052db       0x4d Src\tim.o

.debug_aranges  0x00000000      0x7e0
 .debug_aranges
                0x00000000       0xc8 Drivers\STM32F1xx_HAL_Driver\Src\stm32f1xx_hal.o
 .debug_aranges
                0x000000c8       0x90 Drivers\STM32F1xx_HAL_Driver\Src\stm32f1xx_hal_cortex.o
 .debug_aranges
                0x00000158       0x58 Drivers\STM32F1xx_HAL_Driver\Src\stm32f1xx_hal_gpio.o
 .debug_aranges
                0x000001b0       0x88 Drivers\STM32F1xx_HAL_Driver\Src\stm32f1xx_hal_rcc.o
 .debug_aranges
                0x00000238      0x250 Drivers\STM32F1xx_HAL_Driver\Src\stm32f1xx_hal_tim.o
 .debug_aranges
                0x00000488       0xe8 Drivers\STM32F1xx_HAL_Driver\Src\stm32f1xx_hal_tim_ex.o
 .debug_aranges
                0x00000570       0x80 Src\ds18b20.o
 .debug_aranges
                0x000005f0       0x20 Src\gpio.o
 .debug_aranges
                0x00000610       0x38 Src\main.o
 .debug_aranges
                0x00000648       0xa8 Src\onewire.o
 .debug_aranges
                0x000006f0       0x20 Src\stm32f1xx_hal_msp.o
 .debug_aranges
                0x00000710       0x50 Src\stm32f1xx_it.o
 .debug_aranges
                0x00000760       0x28 Src\system_stm32f1xx.o
 .debug_aranges
                0x00000788       0x30 Src\tim.o
 .debug_aranges
                0x000007b8       0x28 startup\startup_stm32f103xb.o

.debug_ranges   0x00000000      0xa00
 .debug_ranges  0x00000000       0xb8 Drivers\STM32F1xx_HAL_Driver\Src\stm32f1xx_hal.o
 .debug_ranges  0x000000b8      0x128 Drivers\STM32F1xx_HAL_Driver\Src\stm32f1xx_hal_cortex.o
 .debug_ranges  0x000001e0       0x60 Drivers\STM32F1xx_HAL_Driver\Src\stm32f1xx_hal_gpio.o
 .debug_ranges  0x00000240       0xa0 Drivers\STM32F1xx_HAL_Driver\Src\stm32f1xx_hal_rcc.o
 .debug_ranges  0x000002e0      0x340 Drivers\STM32F1xx_HAL_Driver\Src\stm32f1xx_hal_tim.o
 .debug_ranges  0x00000620       0xd8 Drivers\STM32F1xx_HAL_Driver\Src\stm32f1xx_hal_tim_ex.o
 .debug_ranges  0x000006f8       0x88 Src\ds18b20.o
 .debug_ranges  0x00000780       0x70 Src\gpio.o
 .debug_ranges  0x000007f0       0x40 Src\main.o
 .debug_ranges  0x00000830       0xe0 Src\onewire.o
 .debug_ranges  0x00000910       0x30 Src\stm32f1xx_hal_msp.o
 .debug_ranges  0x00000940       0x40 Src\stm32f1xx_it.o
 .debug_ranges  0x00000980       0x18 Src\system_stm32f1xx.o
 .debug_ranges  0x00000998       0x48 Src\tim.o
 .debug_ranges  0x000009e0       0x20 startup\startup_stm32f103xb.o

.debug_line     0x00000000     0x47d1
 .debug_line    0x00000000      0x45f Drivers\STM32F1xx_HAL_Driver\Src\stm32f1xx_hal.o
 .debug_line    0x0000045f      0x469 Drivers\STM32F1xx_HAL_Driver\Src\stm32f1xx_hal_cortex.o
 .debug_line    0x000008c8      0x45e Drivers\STM32F1xx_HAL_Driver\Src\stm32f1xx_hal_gpio.o
 .debug_line    0x00000d26      0x639 Drivers\STM32F1xx_HAL_Driver\Src\stm32f1xx_hal_rcc.o
 .debug_line    0x0000135f     0x115f Drivers\STM32F1xx_HAL_Driver\Src\stm32f1xx_hal_tim.o
 .debug_line    0x000024be      0x701 Drivers\STM32F1xx_HAL_Driver\Src\stm32f1xx_hal_tim_ex.o
 .debug_line    0x00002bbf      0x442 Src\ds18b20.o
 .debug_line    0x00003001      0x2ab Src\gpio.o
 .debug_line    0x000032ac      0x3a0 Src\main.o
 .debug_line    0x0000364c      0x537 Src\onewire.o
 .debug_line    0x00003b83      0x29c Src\stm32f1xx_hal_msp.o
 .debug_line    0x00003e1f      0x32f Src\stm32f1xx_it.o
 .debug_line    0x0000414e      0x2bf Src\system_stm32f1xx.o
 .debug_line    0x0000440d      0x347 Src\tim.o
 .debug_line    0x00004754       0x7d startup\startup_stm32f103xb.o

.debug_str      0x00000000     0x2f78
 .debug_str     0x00000000      0xbe5 Drivers\STM32F1xx_HAL_Driver\Src\stm32f1xx_hal.o
                                0xc8e (size before relaxing)
 .debug_str     0x00000be5      0x2e1 Drivers\STM32F1xx_HAL_Driver\Src\stm32f1xx_hal_cortex.o
                                0xdb6 (size before relaxing)
 .debug_str     0x00000ec6      0x1d6 Drivers\STM32F1xx_HAL_Driver\Src\stm32f1xx_hal_gpio.o
                                0x923 (size before relaxing)
 .debug_str     0x0000109c      0x326 Drivers\STM32F1xx_HAL_Driver\Src\stm32f1xx_hal_rcc.o
                                0xb01 (size before relaxing)
 .debug_str     0x000013c2     0x10d9 Drivers\STM32F1xx_HAL_Driver\Src\stm32f1xx_hal_tim.o
                               0x1852 (size before relaxing)
 .debug_str     0x0000249b      0x4f1 Drivers\STM32F1xx_HAL_Driver\Src\stm32f1xx_hal_tim_ex.o
                               0x10f4 (size before relaxing)
 .debug_str     0x0000298c      0x2bc Src\ds18b20.o
                                0x9be (size before relaxing)
 .debug_str     0x00002c48       0x2b Src\gpio.o
                                0x79c (size before relaxing)
 .debug_str     0x00002c73       0x69 Src\main.o
                               0x1062 (size before relaxing)
 .debug_str     0x00002cdc      0x150 Src\onewire.o
                                0xd26 (size before relaxing)
 .debug_str     0x00002e2c       0x1b Src\stm32f1xx_hal_msp.o
                                0x754 (size before relaxing)
 .debug_str     0x00002e47       0xc8 Src\stm32f1xx_it.o
                                0xb54 (size before relaxing)
 .debug_str     0x00002f0f       0x4d Src\system_stm32f1xx.o
                                0x78c (size before relaxing)
 .debug_str     0x00002f5c       0x1c Src\tim.o
                                0xf36 (size before relaxing)

.comment        0x00000000       0x7c
 .comment       0x00000000       0x7c Drivers\STM32F1xx_HAL_Driver\Src\stm32f1xx_hal.o
                                 0x7d (size before relaxing)
 .comment       0x0000007c       0x7d Drivers\STM32F1xx_HAL_Driver\Src\stm32f1xx_hal_cortex.o
 .comment       0x0000007c       0x7d Drivers\STM32F1xx_HAL_Driver\Src\stm32f1xx_hal_gpio.o
 .comment       0x0000007c       0x7d Drivers\STM32F1xx_HAL_Driver\Src\stm32f1xx_hal_rcc.o
 .comment       0x0000007c       0x7d Drivers\STM32F1xx_HAL_Driver\Src\stm32f1xx_hal_tim.o
 .comment       0x0000007c       0x7d Drivers\STM32F1xx_HAL_Driver\Src\stm32f1xx_hal_tim_ex.o
 .comment       0x0000007c       0x7d Src\ds18b20.o
 .comment       0x0000007c       0x7d Src\gpio.o
 .comment       0x0000007c       0x7d Src\main.o
 .comment       0x0000007c       0x7d Src\onewire.o
 .comment       0x0000007c       0x7d Src\stm32f1xx_hal_msp.o
 .comment       0x0000007c       0x7d Src\stm32f1xx_it.o
 .comment       0x0000007c       0x7d Src\system_stm32f1xx.o
 .comment       0x0000007c       0x7d Src\tim.o

.debug_frame    0x00000000     0x1640
 .debug_frame   0x00000000      0x1b0 Drivers\STM32F1xx_HAL_Driver\Src\stm32f1xx_hal.o
 .debug_frame   0x000001b0      0x120 Drivers\STM32F1xx_HAL_Driver\Src\stm32f1xx_hal_cortex.o
 .debug_frame   0x000002d0       0xd4 Drivers\STM32F1xx_HAL_Driver\Src\stm32f1xx_hal_gpio.o
 .debug_frame   0x000003a4      0x150 Drivers\STM32F1xx_HAL_Driver\Src\stm32f1xx_hal_rcc.o
 .debug_frame   0x000004f4      0x854 Drivers\STM32F1xx_HAL_Driver\Src\stm32f1xx_hal_tim.o
 .debug_frame   0x00000d48      0x320 Drivers\STM32F1xx_HAL_Driver\Src\stm32f1xx_hal_tim_ex.o
 .debug_frame   0x00001068      0x140 Src\ds18b20.o
 .debug_frame   0x000011a8       0x34 Src\gpio.o
 .debug_frame   0x000011dc       0x6c Src\main.o
 .debug_frame   0x00001248      0x1c0 Src\onewire.o
 .debug_frame   0x00001408       0x28 Src\stm32f1xx_hal_msp.o
 .debug_frame   0x00001430       0xc0 Src\stm32f1xx_it.o
 .debug_frame   0x000014f0       0x30 Src\system_stm32f1xx.o
 .debug_frame   0x00001520       0x50 Src\tim.o
 .debug_frame   0x00001570       0x2c c:/program files (x86)/atollic/truestudio for stm32 9.3.0/armtools/bin/../lib/gcc/arm-atollic-eabi/6.3.1/../../../../arm-atollic-eabi/lib/armv7-m\libc_nano.a(lib_a-init.o)
 .debug_frame   0x0000159c       0x20 c:/program files (x86)/atollic/truestudio for stm32 9.3.0/armtools/bin/../lib/gcc/arm-atollic-eabi/6.3.1/../../../../arm-atollic-eabi/lib/armv7-m\libc_nano.a(lib_a-memset.o)
 .debug_frame   0x000015bc       0x4c c:/program files (x86)/atollic/truestudio for stm32 9.3.0/armtools/bin/../lib/gcc/arm-atollic-eabi/6.3.1/armv7-m\libgcc.a(_arm_addsubsf3.o)
 .debug_frame   0x00001608       0x38 c:/program files (x86)/atollic/truestudio for stm32 9.3.0/armtools/bin/../lib/gcc/arm-atollic-eabi/6.3.1/armv7-m\libgcc.a(_arm_muldivsf3.o)
