onewire.c:18:6:OneWire_Delay	0	static
onewire.c:31:6:OneWire_BusInputDirection	24	static
onewire.c:41:6:OneWire_BusOutputDirection	24	static
onewire.c:54:6:OneWire_OutputLow	0	static
onewire.c:59:6:OneWire_OutputHigh	0	static
onewire.c:71:9:OneWire_Reset	8	static
onewire.c:92:6:OneWire_WriteBit	8	static
onewire.c:118:9:OneWire_ReadBit	8	static
onewire.c:137:6:OneWire_WriteByte	16	static
onewire.c:148:9:OneWire_ReadByte	16	static
onewire.c:163:6:OneWire_ResetSearch	0	static
onewire.c:171:9:OneWire_Search	32	static
onewire.c:288:9:OneWire_First	0	static
onewire.c:298:9:OneWire_Next	0	static
onewire.c:321:6:OneWire_SelectWithPointer	16	static
onewire.c:307:6:OneWire_Select	0	static
onewire.c:335:6:OneWire_GetFullROM	0	static
onewire.c:346:9:OneWire_CRC8	12	static
onewire.c:370:6:OneWire_Init	8	static
